[backblue.gif]
[fade.gif]
[index.html]
[demo.muvikoscript.com/themes/flixer/assets/jwplayer/jwplayer.js]
[demo.muvikoscript.com/themes/flixer/assets/js/nprogress.js]
[cdnjs.cloudflare.com/ajax/libs/rateYo/2.2.0/jquery.rateyo.min.css]
[maxcdn.bootstrapcdn.com/font-awesome/4.7.0/css/font-awesome.min.css]
[demo.muvikoscript.com/uploads/poster_images/beed6ac962ba26570fab8c8042ed7503daredevil.jpg]
[demo.muvikoscript.com/themes/flixer/assets/images/logo.png]
[demo.muvikoscript.com/uploads/masonry_images/f43ac445ecbdaf3659f2111a4b005b92Small-Poster.jpg]
[demo.muvikoscript.com/uploads/masonry_images/60a0c7e1af2339e3cc924088cb6d622dPoster-small.jpg]
[demo.muvikoscript.com/uploads/masonry_images/3e7a57c60a84c3f76996b953f8006ed2Poster-small.jpg]
[demo.muvikoscript.com/uploads/masonry_images/4aca170bb31a85f4789de8c64f2b1d8ehqdefault.jpg]
[demo.muvikoscript.com/uploads/masonry_images/b629b6c8339c70d9218f3709367ea38f4-3Image.jpg]
[demo.muvikoscript.com/uploads/masonry_images/506bbbc5920189e551d0c78d5a939b87masonry29.jpg]
[demo.muvikoscript.com/uploads/masonry_images/0b2103aed1fb8f81c8188022190116f5Poster-small.jpg]
[demo.muvikoscript.com/uploads/masonry_images/d882d8ff92eb986e56e8c970d22e4852Poster-small.jpg]
[demo.muvikoscript.com/uploads/masonry_images/786eaaee6655331aadcb58b79ca05a0einception.jpg]
[demo.muvikoscript.com/uploads/masonry_images/343504c17ad28465c7254c863800bd9bPoster-small.jpg]
[demo.muvikoscript.com/uploads/masonry_images/abf71042c600b1124480639355209ad2masonry25.jpg]
[demo.muvikoscript.com/uploads/masonry_images/0427bd3dc8b46ddc85feb05d6aeb3efamasonry2.jpg]
[demo.muvikoscript.com/themes/flixer/assets/js/jquery-1.10.2.js]
[demo.muvikoscript.com/themes/flixer/assets/js/jquery-ui-1.10.4.custom.min.js]
[demo.muvikoscript.com/themes/flixer/assets/bootstrap3/js/bootstrap.js]
[demo.muvikoscript.com/themes/flixer/assets/js/ct-paper-checkbox.js]
[demo.muvikoscript.com/themes/flixer/assets/js/ct-paper-radio.js]
[demo.muvikoscript.com/themes/flixer/assets/js/owl.carousel.js]
[demo.muvikoscript.com/themes/flixer/assets/js/jquery.mCustomScrollbar.concat.min.js]
[demo.muvikoscript.com/themes/flixer/assets/js/icomoon.js]
[demo.muvikoscript.com/themes/flixer/assets/js/chosen.jquery.min.js]
[demo.muvikoscript.com/themes/flixer/assets/tel-input/js/intlTelInput.min.js]
[cdnjs.cloudflare.com/ajax/libs/rateYo/2.2.0/jquery.rateyo.min.js]
[cdnjs.cloudflare.com/ajax/libs/cookieconsent2/1.0.10/cookieconsent.min.js]
[demo.muvikoscript.com/themes/flixer/assets/js/app.js]
[demo.muvikoscript.com/themes/flixer/assets/js/theme.js]
[demo.muvikoscript.com/index.html]
[demo.muvikoscript.com/img/favicon.html]
[demo.muvikoscript.com/themes/flixer/assets/bootstrap3/css/bootstrap.css]
[demo.muvikoscript.com/themes/flixer/assets/css/owl.carousel.css]
[demo.muvikoscript.com/themes/flixer/assets/css/owl.transitions.css]
[demo.muvikoscript.com/themes/flixer/assets/css/jquery.mCustomScrollbar.min.css]
[demo.muvikoscript.com/themes/flixer/assets/css/animate.css]
[demo.muvikoscript.com/themes/flixer/assets/css/chosen.min.css]
[demo.muvikoscript.com/themes/flixer/assets/css/chosen-bootstrap.css]
[demo.muvikoscript.com/themes/flixer/assets/tel-input/img/flags.png]
[demo.muvikoscript.com/themes/flixer/assets/tel-input/img/flags@2x.png]
[demo.muvikoscript.com/themes/flixer/assets/tel-input/css/intlTelInput.css]
[demo.muvikoscript.com/themes/flixer/assets/css/nprogress.css]
[cdnjs.cloudflare.com/ajax/libs/rateYo/2.2.0/jquery.rateyo.min.css]
[demo.muvikoscript.com/themes/flixer/assets/css/plugins.css]
[static.tumblr.com/i21wc39/coTmrkw40/shadow.png]
[demo.muvikoscript.com/themes/flixer/assets/css/theme.css]
[demo.muvikoscript.com/themes/flixer/assets/css/style.css]
[demo.muvikoscript.com/themes/flixer/assets/fonts/IcoMoon-Free.ttf]
[demo.muvikoscript.com/themes/flixer/assets/css/icomoon.css]
[demo.muvikoscript.com/themes/flixer/assets/fonts/themify9f24.eot]
[demo.muvikoscript.com/themes/flixer/assets/fonts/themifyd41d.eot]
[demo.muvikoscript.com/themes/flixer/assets/fonts/themify9f24.woff]
[demo.muvikoscript.com/themes/flixer/assets/fonts/themify9f24.ttf]
[demo.muvikoscript.com/themes/flixer/assets/css/themify-icons.css]
[maxcdn.bootstrapcdn.com/font-awesome/4.7.0/css/font-awesome.min.css]
[demo.muvikoscript.com/icons/blank.gif]
[demo.muvikoscript.com/icons/back.gif]
[demo.muvikoscript.com/icons/folder.gif]
[demo.muvikoscript.com/icons/text.gif]
[demo.muvikoscript.com/icons/unknown.gif]
[demo.muvikoscript.com/themes/flixer/install.sql]
[demo.muvikoscript.com/icons/image2.gif]
[demo.muvikoscript.com/themes/flixer/theme.jpg]
[demo.muvikoscript.com/themes/flixer/index.html]
[demo.muvikoscript.com/icons/movie.gif]
[demo.muvikoscript.com/uploads/pb_s1_e1.mp4]
[demo.muvikoscript.com/uploads/pb_s1_e2.mp4]
[demo.muvikoscript.com/uploads/pb_s2_e1.mp4]
[demo.muvikoscript.com/uploads/pb_s2_e2.mp4]
[demo.muvikoscript.com/uploads/ridealong.mp4]
[demo.muvikoscript.com/uploads/index.html]
[demo.muvikoscript.com/index-2.html]
[demo.muvikoscript.com/videos.html]
[demo.muvikoscript.com/series.html]
[demo.muvikoscript.com/uploads/actors/1.jpg]
[demo.muvikoscript.com/uploads/actors/2.jpg]
[demo.muvikoscript.com/uploads/actors/3.jpg]
[demo.muvikoscript.com/uploads/actors/4.jpg]
[demo.muvikoscript.com/uploads/actors/5.jpg]
[demo.muvikoscript.com/video/39.html]
[demo.muvikoscript.com/themes/flixer/assets/images/padlock.png]
[demo.muvikoscript.com/register.html]
[demo.muvikoscript.com/category/12/horror.html]
[demo.muvikoscript.com/uploads/poster_images/78c4d0f3a9a93712cd83aa1cea855329Big-Poster.jpg]
[demo.muvikoscript.com/uploads/actors/9.jpg]
[demo.muvikoscript.com/video/51.html]
[demo.muvikoscript.com/uploads/poster_images/20d145f7815868e5a78faf859b0f33f7Poster-big-min.jpg]
[demo.muvikoscript.com/uploads/actors/8ddbb271a5b5135ff73e4fb5d99344dfMV5BMTkyNDQ3NzAxM15BMl5BanBnXkFtZTgwODIwMTQ0NTE@._V1_UX214_CR0,0,214,317_AL_.jpg]
[demo.muvikoscript.com/video/50.html]
[demo.muvikoscript.com/uploads/poster_images/fc19912578c9c7b0861e628b6f02c6cePoster-Big.png]
[demo.muvikoscript.com/video/48.html]
[demo.muvikoscript.com/uploads/poster_images/5ec17fcdf6f7e2a3947042673b3b60b3HUSHposter.jpg]
[demo.muvikoscript.com/uploads/actors/979be63a311e3172d3dd607822c986f6MV5BMTI4OTk0MjQ1OV5BMl5BanBnXkFtZTcwNTE3NjM3Mw@@._V1_UX214_CR0,0,214,317_AL_.jpg]
[demo.muvikoscript.com/video/47.html]
[demo.muvikoscript.com/uploads/poster_images/3fdd9d60da7092b72bfcac754525a2efPOSTER-min.jpg]
[demo.muvikoscript.com/video/46.html]
[demo.muvikoscript.com/uploads/poster_images/599553ec5d2626a4f9465a32da89d303thecabinwoods.jpg]
[demo.muvikoscript.com/uploads/actors/37000214841385084ecff74e415267b1MV5BMDA5NDc3MzEtMTRlNS00YWYwLWE0MjMtMTQ4MmMyMzU4MWM3L2ltYWdlXkEyXkFqcGdeQXVyODgwMzQ5Ng@@._V1_UY317_CR73,0,214,317_AL_.jpg]
[demo.muvikoscript.com/uploads/actors/c6d92dc3534977b04c4ba5c927d022a4MV5BMjU1MTM4OTQzNV5BMl5BanBnXkFtZTcwODM0Mjc3Nw@@._V1_UY317_CR5,0,214,317_AL_.jpg]
[demo.muvikoscript.com/uploads/actors/ba33df3e756abafc6c322c6d692db324MV5BMTA4Mjg3MTc5NDZeQTJeQWpwZ15BbWU4MDE5OTgxNTMx._V1_UX214_CR0,0,214,317_AL_.jpg]
[demo.muvikoscript.com/uploads/actors/006fb85ea61689c6628afe29d5f447baMV5BOTU2MTI0NTIyNV5BMl5BanBnXkFtZTcwMTA4Nzc3OA@@._V1_UX214_CR0,0,214,317_AL_.jpg]
[demo.muvikoscript.com/uploads/actors/f8b3d41d0d5917c648cfc836c919b098MV5BMjE5NzA4OTY3N15BMl5BanBnXkFtZTgwMzI5MjY1NjE@._V1_UY317_CR14,0,214,317_AL_.jpg]
[demo.muvikoscript.com/video/44.html]
[demo.muvikoscript.com/category/11/sci-fi.html]
[demo.muvikoscript.com/uploads/poster_images/bae07db459b44db13dc01160c17d18e2Poster-big.jpg]
[demo.muvikoscript.com/video/56.html]
[demo.muvikoscript.com/uploads/poster_images/64e9db307a96aaf83093214a420f5df7Poster-big.jpg]
[demo.muvikoscript.com/uploads/actors/b0754dfb5c379356ac61409308420b44sam worthington.jpg]
[demo.muvikoscript.com/uploads/actors/5065960bd332f05a0e126f7bd41acc38Zoe Saldana.jpg]
[demo.muvikoscript.com/video/55.html]
[demo.muvikoscript.com/uploads/poster_images/cb12e2fb1ea0ae9e622e5ab56b527c0fBig-poster-min.jpg]
[demo.muvikoscript.com/video/54.html]
[demo.muvikoscript.com/uploads/poster_images/0271fad709efd72458c34e22b0f36fd0Poster-big.jpg]
[demo.muvikoscript.com/uploads/actors/7.jpg]
[demo.muvikoscript.com/uploads/actors/45c57c7f00ecd81c4b6582cfbe1b120aChris Pine.jpg]
[demo.muvikoscript.com/uploads/actors/926a37fddec6ddd05cb505dfea4de0e1Benedict Cumberbatch.jpg]
[demo.muvikoscript.com/video/52.html]
[demo.muvikoscript.com/uploads/poster_images/6733a8b78bd52d3377adacd001d4cc43back-to-the-future-wallpaper-12.jpg]
[demo.muvikoscript.com/uploads/actors/8d9a4cef2e266ee982d4868b330b0fecMV5BMjE5ODcyODUwMl5BMl5BanBnXkFtZTgwMTA3MDg1MjE@._V1_UY317_CR10,0,214,317_AL_.jpg]
[demo.muvikoscript.com/uploads/actors/d9c5c2dce3c89323b5fcff7a8988a902MV5BMTkxNzQ0ODgxOV5BMl5BanBnXkFtZTcwMTAxMDY0Mg@@._V1_UY317_CR11,0,214,317_AL_.jpg]
[demo.muvikoscript.com/uploads/actors/2825f90c1adcf2fe3c8c4f7e80579bc6MV5BMTcwNzM0MjE4NF5BMl5BanBnXkFtZTcwMDkxMzEwMw@@._V1_UY317_CR1,0,214,317_AL_.jpg]
[demo.muvikoscript.com/video/43.html]
[demo.muvikoscript.com/category/2/drama.html]
[demo.muvikoscript.com/page/1.html]
[demo.muvikoscript.com/page/2.html]
[demo.muvikoscript.com/themes/flixer/assets/bootstrap3/fonts/glyphicons-halflings-regular.html]
[demo.muvikoscript.com/themes/flixer/assets/bootstrap3/fonts/glyphicons-halflings-regulard41d.html]
[demo.muvikoscript.com/themes/flixer/assets/bootstrap3/fonts/glyphicons-halflings-regular-2.html]
[demo.muvikoscript.com/themes/flixer/assets/bootstrap3/fonts/glyphicons-halflings-regular-3.html]
[demo.muvikoscript.com/themes/flixer/assets/bootstrap3/fonts/glyphicons-halflings-regular-4.html]
[demo.muvikoscript.com/themes/flixer/assets/bootstrap3/fonts/glyphicons-halflings-regular-5.html]
[demo.muvikoscript.com/themes/flixer/assets/css/grabbing.html]
[demo.muvikoscript.com/themes/flixer/assets/css/mCSB_buttons.html]
[demo.muvikoscript.com/themes/flixer/assets/css/chosen-sprite.html]
[demo.muvikoscript.com/themes/flixer/assets/css/chosen-sprite@2x.html]
[demo.muvikoscript.com/themes/flixer/assets/img/mask.html]
[demo.muvikoscript.com/themes/flixer/assets/img/photo_swipe/default-skin.html]
[demo.muvikoscript.com/themes/flixer/assets/img/photo_swipe/default-skin-2.html]
[demo.muvikoscript.com/themes/flixer/assets/img/photo_swipe/preloader.html]
[demo.muvikoscript.com/themes/flixer/assets/fonts/themify9f24.svg]
[demo.muvikoscript.com/themes/flixer/indexc052.html]
[demo.muvikoscript.com/themes/flixer/indexf8a0.html]
[demo.muvikoscript.com/themes/flixer/indexbfec.html]
[demo.muvikoscript.com/themes/flixer/index30b5.html]
[demo.muvikoscript.com/themes/index.html]
[demo.muvikoscript.com/themes/flixer/ajax/index.html]
[demo.muvikoscript.com/themes/flixer/assets/index.html]
[demo.muvikoscript.com/themes/flixer/inc/index.html]
[demo.muvikoscript.com/uploads/indexc052.html]
[demo.muvikoscript.com/uploads/indexf8a0.html]
[demo.muvikoscript.com/uploads/indexbfec.html]
[demo.muvikoscript.com/uploads/index30b5.html]
[demo.muvikoscript.com/uploads/actors/0b08780d94719ac65484391804cc6728Danielle Panabaker.jpg]
[demo.muvikoscript.com/uploads/actors/042b59c3511e2db3d07e4ab78a85e67deek.jpg]
[demo.muvikoscript.com/uploads/actors/3d59e804d1d2bc4e5adabe01c5954fe6Vera-Farmiga.jpg]
[demo.muvikoscript.com/uploads/actors/4a818388922f2215cee910143731bad0Katie Featherston_.jpg]
[demo.muvikoscript.com/uploads/actors/6.jpg]
[demo.muvikoscript.com/uploads/actors/7d1f5bc051ae6044c27211d52e2ce2bd15965956_978810232220223_8275421531061872435_n.jpg]
[demo.muvikoscript.com/uploads/actors/7d2797c12af35d014b6eb6643c26d8f3Jared Padalecki.jpg]
[demo.muvikoscript.com/uploads/actors/8.jpg]
[demo.muvikoscript.com/uploads/actors/42b1ed868a3edcca14639658d52d1ddaKate-Sieger.jpg]
[demo.muvikoscript.com/uploads/actors/877b7904056d67288deda130f0f7f6f7404.php.jpg]
[demo.muvikoscript.com/uploads/actors/83145f2e3aa9951277e183090d7f8f0fMV5BMTgzODQxMTIwNl5BMl5BanBnXkFtZTcwODU5Njk0NQ@@._V1_UY317_CR11,0,214,317_AL_.jpg]
[demo.muvikoscript.com/uploads/actors/c34440a17bde4afbdbbbe32e481d5e6fMicah Sloat.jpg]
[demo.muvikoscript.com/uploads/actors/d5c9d21ab3d2edb4e10cb9e28b0523eaMV5BMjAxMDQ1NzE2MF5BMl5BanBnXkFtZTcwODg1NjU4Nw@@._V1_UY317_CR12,0,214,317_AL_.jpg]
[demo.muvikoscript.com/uploads/actors/e6dcd3777a2da9c60f63b3866c48c260Patrick-WIlson.jpg]
[demo.muvikoscript.com/uploads/actors/f4f868b86b2bd54c065aff6915026b9e15965956_978810232220223_8275421531061872435_n.jpg]
[demo.muvikoscript.com/uploads/actors/f48cc05ab3ba1ebdde12812a7ce3734c15965956_978810232220223_8275421531061872435_n.jpg]
[demo.muvikoscript.com/uploads/actors/fae37dddb7c1715a657f42baf2c63635JohnGallagher.jpg]
[demo.muvikoscript.com/uploads/actors/index.html]
[demo.muvikoscript.com/uploads/episodes/0d3ed08f08fa2b6d1689e4ff6bcfc5071445.jpg]
[demo.muvikoscript.com/uploads/episodes/044c0aed80e3335f3d957127a086c971SF Sports Night Sample.jpg]
[demo.muvikoscript.com/uploads/episodes/09643ef852f287c60a2785ba6c60cbadbg01.jpg]
[demo.muvikoscript.com/uploads/episodes/1ed9758da23201525a43c4a0254ed674Rocky1-steps-dance-610.jpg]
[demo.muvikoscript.com/uploads/episodes/2cc3c6798653a8c7004ffc006c251d64large_7fxhlRw1ITAUYaqYV1bu90QxXr1.jpg]
[demo.muvikoscript.com/uploads/episodes/3.jpg]
[demo.muvikoscript.com/uploads/episodes/3c1d4b2151548b8c4498926f4ee9e7f2417641-american-horror-story-tate-langdon.jpg]
[demo.muvikoscript.com/uploads/episodes/3dfa636a55124f2f2cbe195cf4fe025dscreamqueens2.jpg]
[demo.muvikoscript.com/uploads/episodes/3f6ab7d0107a02e4e7009dcf40f319c6projeto-importador-profissional-log.png]
[demo.muvikoscript.com/uploads/episodes/4.jpg]
[demo.muvikoscript.com/uploads/episodes/4ea98ea1759657db2fb3f2413c8c1fc4carpixel.net-2014-mercedes-benz-c-220-bluetec-amg-line-uk-11336-hd.jpg]
[demo.muvikoscript.com/uploads/episodes/5e2809997a70a2cb4b628924f0db2ce1carpixel.net-2014-mercedes-benz-c-220-bluetec-amg-line-uk-11336-hd.jpg]
[demo.muvikoscript.com/uploads/episodes/6ccffd17da355f31059106044c9414a5brolly.png]
[demo.muvikoscript.com/uploads/episodes/6d9667b7dd3200bf3fd9a0096b166bb3d66a431f705f3519e19ddaf28ef33c8de22c7af7 (1).jpg]
[demo.muvikoscript.com/uploads/episodes/8a8f46193d2f9842f7975c84c30fb49d1.jpg]
[demo.muvikoscript.com/uploads/episodes/8c846e64588763f78dff1689ba5260a71.jpg]
[demo.muvikoscript.com/uploads/episodes/9af64ac3995e33fd082e8aa9341158941445.jpg]
[demo.muvikoscript.com/uploads/episodes/26e2c53b39c54efc54e52fe3949172e5be_somebody_2016-1920x1200.jpg]
[demo.muvikoscript.com/uploads/episodes/46ac91061180d456d9fed4439ef6f465bg010.png]
[demo.muvikoscript.com/uploads/episodes/59ec95148078ba13e0a3670df93d1c21projeto-importador-profissional-log.png]
[demo.muvikoscript.com/uploads/episodes/68d87fa875de8d742a1c4360ebb5e22ccarpixel.net-2014-mercedes-benz-c-220-bluetec-amg-line-uk-11336-hd.jpg]
[demo.muvikoscript.com/uploads/episodes/97c3a97a75f9433c02f32d93fc17b12b417641-american-horror-story-tate-langdon.jpg]
[demo.muvikoscript.com/uploads/episodes/426a0257c95a490ac0a2fd1399514197screamqueens2.jpg]
[demo.muvikoscript.com/uploads/episodes/635ff04aeb684b41b329f0b2f0d6be43417641-american-horror-story-tate-langdon.jpg]
[demo.muvikoscript.com/uploads/episodes/706e92f33d16540fe0c51fab221192cbcarpixel.net-2014-mercedes-benz-c-220-bluetec-amg-line-uk-11336-hd.jpg]
[demo.muvikoscript.com/uploads/episodes/4515fd38c776916d6849d0224cdf05ef317172.jpg]
[demo.muvikoscript.com/uploads/episodes/4729f1fbe6ef82f11a5c988f050bf833317172.jpg]
[demo.muvikoscript.com/uploads/episodes/90667ed53b904a3e0ddf6b53f14122f8p13004286_b_v8_ab.jpg]
[demo.muvikoscript.com/uploads/episodes/ab12a986d5366cd169f2545b7d581eba2.jpg]
[demo.muvikoscript.com/uploads/episodes/b211d3179a3ec2ce0203ce6528c1a89fcarpixel.net-2014-mercedes-benz-c-220-bluetec-amg-line-uk-11336-hd.jpg]
[demo.muvikoscript.com/uploads/episodes/bde09101af5dcf700ecd82f6084c5bc7417641-american-horror-story-tate-langdon.jpg]
[demo.muvikoscript.com/uploads/episodes/c552f7cc7cdbc7b136e552d0575c9320evan-peters-american-horror-story_bgPNG02.png]
[demo.muvikoscript.com/uploads/episodes/ceeecd59c4135c6721d443060d162f5a1445.jpg]
[demo.muvikoscript.com/uploads/episodes/d8c23b76717746809b96aac395c4a9b3Rocky1-steps-dance-610.jpg]
[demo.muvikoscript.com/uploads/episodes/de18e4f9a726dbb425e3ee2e2cbd3896carpixel.net-2014-mercedes-benz-c-220-bluetec-amg-line-uk-11336-hd.jpg]
[demo.muvikoscript.com/uploads/episodes/e00b6a64554735de68e21fb5d7d3d571carpixel.net-2014-mercedes-benz-c-220-bluetec-amg-line-uk-11336-hd.jpg]
[demo.muvikoscript.com/uploads/episodes/e7063e2a7016c14d64b829e27c7f81381.jpg]
[demo.muvikoscript.com/uploads/episodes/ec637c22d5c3d4b7a2db342dcf0ef258index.png]
[demo.muvikoscript.com/uploads/episodes/f7fa2672ebb5efc5a22e0d063b4551271445.jpg]
[demo.muvikoscript.com/uploads/episodes/f543985c5ea2f20e4c484f70d33848a9marvels-daredevil-season-2-episode-1-bang-review_mvn4.jpg]
[demo.muvikoscript.com/uploads/episodes/fd45218ac07e35c843c641828b077501494468.jpg]
[demo.muvikoscript.com/uploads/episodes/fe582af246dc8dc7e0c648072c572bc9Screen Shot 2017-01-19 at 19.27.29.png]
[demo.muvikoscript.com/uploads/episodes/hoc_1_1.jpg]
[demo.muvikoscript.com/uploads/episodes/hoc_2_1.jpg]
[demo.muvikoscript.com/uploads/episodes/pb_1_1.jpg]
[demo.muvikoscript.com/uploads/episodes/pb_1_2.jpg]
[demo.muvikoscript.com/uploads/episodes/pb_1_3.jpg]
[demo.muvikoscript.com/uploads/episodes/pb_2_1.jpg]
[demo.muvikoscript.com/uploads/episodes/pb_2_2.jpg]
[demo.muvikoscript.com/uploads/episodes/index.html]
[demo.muvikoscript.com/uploads/masonry_images/0db61c13e8a09cf65a155dc07e091a2fkinopoisk.ru-Me-Before-You-2717874.jpg]
[demo.muvikoscript.com/uploads/masonry_images/0ed33945e0a3071825d98270c1127a62STEAM.png]
[demo.muvikoscript.com/uploads/masonry_images/0f3e6f9b330e1b254f78bacbc90452c3da23800b8101d74ebf32b5760757d7cbtopgear Cropped.jpg]
[demo.muvikoscript.com/uploads/masonry_images/00c7cbbbc5dba0db143518fbe33390a0topgear.jpg]
[demo.muvikoscript.com/uploads/masonry_images/037fd806c3ed99ff7b97bf47a43682c54-3Image.jpg]
[demo.muvikoscript.com/uploads/masonry_images/0984cb80534b46072baae2363567cd27billy-lynn-movie-1.jpg]
[demo.muvikoscript.com/uploads/masonry_images/1df4bd6a890accc3d52286515b60ab41topgear Cropped.jpg]
[demo.muvikoscript.com/uploads/masonry_images/1eb6e19ee30e86a354a376faae7a3ac4SPOTIFY.png]
[demo.muvikoscript.com/uploads/masonry_images/2ed9d6be98a848d6db9973f681352d65MV5BMTg3MTgxNDI1MV5BMl5BanBnXkFtZTcwMTkzMjYzMQ@@._V1_UX182_CR0,0,182,268_AL_.jpg]
[demo.muvikoscript.com/uploads/masonry_images/3c501e9440eeddb19fc14c4c46d547c0ed2b9349-42df-4d39-9652-d764cd70cd6e.jpg]
[demo.muvikoscript.com/uploads/masonry_images/3da2a3c2dd8dcbb063d6bea27b5e0469bg.jpg]
[demo.muvikoscript.com/uploads/masonry_images/4a228482f8e87c882e66a98e5a0e4872topgear Cropped.jpg]
[demo.muvikoscript.com/uploads/masonry_images/4a2002012683f0b05199a7c928ead272carpixel.net-2014-mercedes-benz-c-220-bluetec-amg-line-uk-11336-hd.jpg]
[demo.muvikoscript.com/uploads/masonry_images/4be578f65e707bd8471e61e63e23cc6da.png]
[demo.muvikoscript.com/uploads/masonry_images/4ee136edb7fcf583691953ee3daaae09arrow-e1480645907625.jpg]
[demo.muvikoscript.com/uploads/masonry_images/5aa0a6f566904e2bd8a1da806286b1d4topgear Cropped.jpg]
[demo.muvikoscript.com/uploads/masonry_images/6dc521fc5b277a82b162e92ccdc21e25carpixel.net-2014-mercedes-benz-c-220-bluetec-amg-line-uk-11336-hd.jpg]
[demo.muvikoscript.com/uploads/masonry_images/7c4edc49db7a0f821d6d4328566a21e6417641-american-horror-story-tate-langdon.jpg]
[demo.muvikoscript.com/uploads/masonry_images/7cbed7fa6bbb9a73d71e67dc94682313banco.jpg]
[demo.muvikoscript.com/uploads/masonry_images/7fa9dbd813252a0d8c7550f419738e34417641-american-horror-story-tate-langdon.jpg]
[demo.muvikoscript.com/uploads/masonry_images/8c9c5b22060c68ecd1dbcffed1a2ebdePoster-small.jpg]
[demo.muvikoscript.com/uploads/masonry_images/8fd3329328956ee4c97ea2ff78ebdbbc4b8215b4365db43b93bed067954c10fb7e7b7c30.jpg]
[demo.muvikoscript.com/uploads/masonry_images/26a02caf83ef30205006211cb7c939bctopgear.jpg]
[demo.muvikoscript.com/uploads/masonry_images/31bd8b159d0a84c2fb39bfeba3393171inception.jpg]
[demo.muvikoscript.com/uploads/masonry_images/31f0adb510133f2a52c45287ffd3bba5maxresdefault.jpg]
[demo.muvikoscript.com/uploads/masonry_images/42a93cc1e6451a2d48ea903563465b91topgear Cropped.jpg]
[demo.muvikoscript.com/uploads/masonry_images/59a64fbc88c2e32bcb390435d4c16a65xp.php5.jpg]
[demo.muvikoscript.com/uploads/masonry_images/63f13c38ed91d03f0eefb62183f3c5c0317172.jpg]
[demo.muvikoscript.com/uploads/masonry_images/78a695a35e1637a5175c65252dbeec93topgear Cropped.jpg]
[demo.muvikoscript.com/uploads/masonry_images/78e3f304b083676e95f25cec73de12e2carpixel.net-2014-mercedes-benz-c-220-bluetec-amg-line-uk-11336-hd.jpg]
[demo.muvikoscript.com/uploads/masonry_images/321ba64a5620c12c0afce27bac9deb4aSmall-Poster.jpg]
[demo.muvikoscript.com/uploads/masonry_images/469e9ac168f45e5888134791ccccb9d4banco.jpg]
[demo.muvikoscript.com/uploads/masonry_images/502fd5734d70d69251cbb53a015719f616640686_10154995211586882_8345412056670922358_n.jpg]
[demo.muvikoscript.com/uploads/masonry_images/845e84c079e5141fa3281f9088782cbebanco.jpg]
[demo.muvikoscript.com/uploads/masonry_images/953e6756f7e8ad1e63461edb3c74a278hqdefault (1).jpg]
[demo.muvikoscript.com/uploads/masonry_images/995ce1ec1a030370779ade717e759a937128.png]
[demo.muvikoscript.com/uploads/masonry_images/1709f3b91a9a579aca0ef0cbb2eb8f0fcarpixel.net-2014-mercedes-benz-c-220-bluetec-amg-line-uk-11336-hd.jpg]
[demo.muvikoscript.com/uploads/masonry_images/4905d8ff325ed249d72432058f47332ffull.jpg]
[demo.muvikoscript.com/uploads/masonry_images/7063cec22608d0556078a6a0da75f238carpixel.net-2014-mercedes-benz-c-220-bluetec-amg-line-uk-11336-hd.jpg]
[demo.muvikoscript.com/uploads/masonry_images/39407aee9c434ca67682fbe9b144e6189b032800c0034f2690223e12ff014809.jpg]
[demo.muvikoscript.com/uploads/masonry_images/25125463e8af4a1ba7f9a17402a1f807inception.jpg]
[demo.muvikoscript.com/uploads/masonry_images/a098dc1b57d670578000dde6329dc273X-Men_Origins_Wolverine_01.jpg]
[demo.muvikoscript.com/uploads/masonry_images/a79a67f51da10be83effd194b7b7bf051280_Pretty_Little_Liars_General_Cast.jpg]
[demo.muvikoscript.com/uploads/masonry_images/a803d3295a3f9750746f627518b23e99snimak zaslona.png]
[demo.muvikoscript.com/uploads/masonry_images/aa94acd6ae659e7823e2a6a76e07f387topgear.jpg]
[demo.muvikoscript.com/uploads/masonry_images/abd07992c6265dc4a2c52adc8db16fe6topgear Cropped.jpg]
[demo.muvikoscript.com/uploads/masonry_images/b6d31158f6b053b32f6d28ee23f75a40carpixel.net-2014-mercedes-benz-c-220-bluetec-amg-line-uk-11336-hd.jpg]
[demo.muvikoscript.com/uploads/masonry_images/b185d068727a35f84788f6641a8f8fd7MV5BN2ZhYmZlNTUtOTM2Zi00NmE2LWE3Y2UtZDk2MzVmMTI4NjZiXkEyXkFqcGdeQXVyMzQ1MzUwMTE@._V1_.jpg]
[demo.muvikoscript.com/uploads/masonry_images/b49696ebd28e7c088bf8fd4f12d7c874da23800b8101d74ebf32b5760757d7cbtopgear Cropped.jpg]
[demo.muvikoscript.com/uploads/masonry_images/baaa58f55dbf445b422efb5246ef9bb0p13004286_b_v8_ab.jpg]
[demo.muvikoscript.com/uploads/masonry_images/baf9c671993eb35202edcb766a51446acarpixel.net-2014-mercedes-benz-c-220-bluetec-amg-line-uk-11336-hd.jpg]
[demo.muvikoscript.com/uploads/masonry_images/bf24a62d246371274f07954597c09990banco.jpg]
[demo.muvikoscript.com/uploads/masonry_images/c7ac556d4bca13576b5ceef79f30255dcarpixel.net-2014-mercedes-benz-c-220-bluetec-amg-line-uk-11336-hd.jpg]
[demo.muvikoscript.com/uploads/masonry_images/cae7930ae941a4e645fdf682745db63fsully.jpg]
[demo.muvikoscript.com/uploads/masonry_images/caf9264cb3704125c849ec98c40bb443Rocky1-steps-dance-610.jpg]
[demo.muvikoscript.com/uploads/masonry_images/cb5cb12fb0f295af60f17b049f9dc005banco.jpg]
[demo.muvikoscript.com/uploads/masonry_images/d0204dce564b84f09c659795735f0e2d4b8215b4365db43b93bed067954c10fb7e7b7c30.jpg]
[demo.muvikoscript.com/uploads/masonry_images/d04353b48b5356f0b9d6c975d811a6c5carpixel.net-2014-mercedes-benz-c-220-bluetec-amg-line-uk-11336-hd.jpg]
[demo.muvikoscript.com/uploads/masonry_images/d19c3cf93638d7cca19c097a33c81f4f494468.jpg]
[demo.muvikoscript.com/uploads/masonry_images/d29ccda1612902bb9159eaaacf156389banco.jpg]
[demo.muvikoscript.com/uploads/masonry_images/da23800b8101d74ebf32b5760757d7cbtopgear Cropped.jpg]
[demo.muvikoscript.com/uploads/masonry_images/dd74d727a5ab790d422d42021b6d451a417641-american-horror-story-tate-langdon.jpg]
[demo.muvikoscript.com/uploads/masonry_images/e2bea34bc21005c12c151811bf87232c404.php.jpg]
[demo.muvikoscript.com/uploads/masonry_images/e8cf5fdfd69fc2364fc38cfdc24e54fdfull.jpg]
[demo.muvikoscript.com/uploads/masonry_images/e50d1c9810a4c41ce4b3b0f5148e639derror1.png]
[demo.muvikoscript.com/uploads/masonry_images/e8232273ef6258b4c00753dde153dc27carpixel.net-2014-mercedes-benz-c-220-bluetec-amg-line-uk-11336-hd.jpg]
[demo.muvikoscript.com/uploads/masonry_images/ec1ef5d558e7c3e1003b57cc09e520d9carpixel.net-2014-mercedes-benz-c-220-bluetec-amg-line-uk-11336-hd.jpg]
[demo.muvikoscript.com/uploads/masonry_images/ed60ea1d4d7402591861a115c7b4b153banco.jpg]
[demo.muvikoscript.com/uploads/masonry_images/eeb141c38f1d3a1087b9933ae38ee9401445.jpg]
[demo.muvikoscript.com/uploads/masonry_images/ef3f6a68894fbb86ed3613c2f37f05c7da23800b8101d74ebf32b5760757d7cbtopgear Cropped.jpg]
[demo.muvikoscript.com/uploads/masonry_images/masonry1.jpg]
[demo.muvikoscript.com/uploads/masonry_images/masonry2.jpg]
[demo.muvikoscript.com/uploads/masonry_images/masonry3.jpg]
[demo.muvikoscript.com/uploads/masonry_images/masonry4.jpg]
[demo.muvikoscript.com/uploads/masonry_images/masonry5.jpg]
[demo.muvikoscript.com/uploads/masonry_images/masonry6.jpg]
[demo.muvikoscript.com/uploads/masonry_images/masonry7.jpg]
[demo.muvikoscript.com/uploads/masonry_images/masonry8.jpg]
[demo.muvikoscript.com/uploads/masonry_images/masonry10.jpg]
[demo.muvikoscript.com/uploads/masonry_images/masonry11.jpg]
[demo.muvikoscript.com/uploads/masonry_images/masonry12.jpg]
[demo.muvikoscript.com/uploads/masonry_images/masonry13.jpg]
[demo.muvikoscript.com/uploads/masonry_images/masonry14.jpg]
[demo.muvikoscript.com/uploads/masonry_images/masonry15.jpg]
[demo.muvikoscript.com/uploads/masonry_images/masonry16.jpg]
[demo.muvikoscript.com/uploads/masonry_images/masonry17.jpg]
[demo.muvikoscript.com/uploads/masonry_images/masonry18.jpg]
[demo.muvikoscript.com/uploads/masonry_images/masonry19.jpg]
[demo.muvikoscript.com/uploads/masonry_images/masonry20.jpg]
[demo.muvikoscript.com/uploads/masonry_images/masonry21.jpg]
[demo.muvikoscript.com/uploads/masonry_images/masonry22.jpg]
[demo.muvikoscript.com/uploads/masonry_images/masonry23.jpg]
[demo.muvikoscript.com/uploads/masonry_images/masonry24.jpg]
[demo.muvikoscript.com/uploads/masonry_images/masonry26.jpg]
[demo.muvikoscript.com/uploads/masonry_images/masonry27.jpg]
[demo.muvikoscript.com/uploads/masonry_images/masonry28.jpg]
[demo.muvikoscript.com/uploads/masonry_images/masonry29.jpg]
[demo.muvikoscript.com/uploads/masonry_images/masonry30.jpg]
[demo.muvikoscript.com/uploads/masonry_images/masonry32.jpg]
[demo.muvikoscript.com/uploads/masonry_images/masonry33.jpg]
[demo.muvikoscript.com/uploads/masonry_images/topgear Cropped.jpg]
[demo.muvikoscript.com/uploads/masonry_images/index.html]
[demo.muvikoscript.com/uploads/poster_images/0b2d58b70b4de248f40cab04eb585d42banco.jpg]
[demo.muvikoscript.com/uploads/poster_images/0d8a9f9fa040507e89cfabcd876e0e59carpixel.net-2014-mercedes-benz-c-220-bluetec-amg-line-uk-11336-hd.jpg]
[demo.muvikoscript.com/uploads/poster_images/0ef86b58076f8358d2296f7637873499topgear.jpg]
[demo.muvikoscript.com/uploads/poster_images/01b7c8b56426bb6c6d0af7d598211427aa94acd6ae659e7823e2a6a76e07f387topgear.jpg]
[demo.muvikoscript.com/uploads/poster_images/01186fe829e9ad71cc9a61e92b772399banco.jpg]
[demo.muvikoscript.com/uploads/poster_images/02bdc3deb4bc60bf56580ec9c0ac7e53topgear.jpg]
[demo.muvikoscript.com/uploads/poster_images/02243b9c2aae2bed09de5e5d0d0dd6547128.png]
[demo.muvikoscript.com/uploads/poster_images/07e18e6c2996271858c9259826350c33topgear.jpg]
[demo.muvikoscript.com/uploads/poster_images/08b21dd5aa052cb2c112d49ee2385cbd1445.jpg]
[demo.muvikoscript.com/uploads/poster_images/2c36a4a13ea6c0aeb314f1ce89ec9682X-Men_Origins_Wolverine_01.jpg]
[demo.muvikoscript.com/uploads/poster_images/2cf324ba02330ad2da5b1bcd5923452fBig-Poster.jpg]
[demo.muvikoscript.com/uploads/poster_images/2cfbd003f6f437ee9159b26216fca6becarpixel.net-2014-mercedes-benz-c-220-bluetec-amg-line-uk-11336-hd.jpg]
[demo.muvikoscript.com/uploads/poster_images/4db12346f956451b770b54e36b847ea9Hacksaw_Ridge_poster.png]
[demo.muvikoscript.com/uploads/poster_images/5e1143e7524cf3a701fad2178d8c6f16topgear.jpg]
[demo.muvikoscript.com/uploads/poster_images/6b15fce0551640afd7c1e0eeefe198ebPOSTER.jpg]
[demo.muvikoscript.com/uploads/poster_images/6bac25059e1b2d1fcc2fc93f9c5b4f8abanco.jpg]
[demo.muvikoscript.com/uploads/poster_images/6e7464d77b7edff9ebd1a66c0d02e77bed2b9349-42df-4d39-9652-d764cd70cd6e.jpg]
[demo.muvikoscript.com/uploads/poster_images/8d6908feb30c2b9869a5ac468a9bd1d0a.png]
[demo.muvikoscript.com/uploads/poster_images/9a9f778a9d188338b9811fe3c294d53926a02caf83ef30205006211cb7c939bctopgear.jpg]
[demo.muvikoscript.com/uploads/poster_images/9be2b59947aafacc7cb42c006099bc5126a02caf83ef30205006211cb7c939bctopgear.jpg]
[demo.muvikoscript.com/uploads/poster_images/9ef51fe47502db185a078f5e4f3355fasnimak zaslona.png]
[demo.muvikoscript.com/uploads/poster_images/14ee88710e77ef9b15091e3f3f45bacfSTEAM.png]
[demo.muvikoscript.com/uploads/poster_images/39edba08b1bc8fef5b518965ff91abd6aa94acd6ae659e7823e2a6a76e07f387topgear.jpg]
[demo.muvikoscript.com/uploads/poster_images/52a1653665b45d24f4f0172e970b5187carpixel.net-2014-mercedes-benz-c-220-bluetec-amg-line-uk-11336-hd.jpg]
[demo.muvikoscript.com/uploads/poster_images/63ae4b4452af3bb5eddca464938bc02d417641-american-horror-story-tate-langdon.jpg]
[demo.muvikoscript.com/uploads/poster_images/76c9fbf8e0586335e8b86043371c613dbanco.jpg]
[demo.muvikoscript.com/uploads/poster_images/78de295568fe8508cd7139410532baa0topgear.jpg]
[demo.muvikoscript.com/uploads/poster_images/81c3641c5451e58a77b24b423d811da4kinopoisk.ru-Me-Before-You-2717874.jpg]
[demo.muvikoscript.com/uploads/poster_images/86ae52e266f1f4efa3545f7de6085985billy-lynns-long-halftime-walk-trailers-posters.jpg]
[demo.muvikoscript.com/uploads/poster_images/97e5a302a7f6754f39c61cb7132441bdfull.jpg]
[demo.muvikoscript.com/uploads/poster_images/327f6a144925af76b7edbf53210f1ba1417641-american-horror-story-tate-langdon.jpg]
[demo.muvikoscript.com/uploads/poster_images/544eab8a5e018c213c49fee59408fc64topgear.jpg]
[demo.muvikoscript.com/uploads/poster_images/545d99979a32813b674dc27d14ecad53carpixel.net-2014-mercedes-benz-c-220-bluetec-amg-line-uk-11336-hd.jpg]
[demo.muvikoscript.com/uploads/poster_images/578e7b304de6dd908b5e79fc0dca4a61404.php.jpg]
[demo.muvikoscript.com/uploads/poster_images/607d3e14f1d76362a851970a3ab5bc49full.jpg]
[demo.muvikoscript.com/uploads/poster_images/2001space.jpg]
[demo.muvikoscript.com/uploads/poster_images/3318f68b3f556a6d40a0f6145cbf6f3dcropped-1920-1080-262035.jpg]
[demo.muvikoscript.com/uploads/poster_images/5007e75949f65a2dd94f5f19fde346batopgear.jpg]
[demo.muvikoscript.com/uploads/poster_images/6318e4bb69402c15f234c2403e806826MV5BMjEyOTI3NDQwN15BMl5BanBnXkFtZTgwNjExOTIwODE@._V1_UX182_CR0,0,182,268_AL_.jpg]
[demo.muvikoscript.com/uploads/poster_images/38636cf0fd442d6385ce9761a2914dad404.php.jpg]
[demo.muvikoscript.com/uploads/poster_images/76701a93c062a1198dd56a44dd8f8781carpixel.net-2014-mercedes-benz-c-220-bluetec-amg-line-uk-11336-hd.jpg]
[demo.muvikoscript.com/uploads/poster_images/2824078f89ef778d782210af4468198a317172.jpg]
[demo.muvikoscript.com/uploads/poster_images/3155627cbc26545cad59c0bc6573a2591280_Pretty_Little_Liars_General_Cast.jpg]
[demo.muvikoscript.com/uploads/poster_images/93620859eea21ab8d473bfa67622612atopgear.jpg]
[demo.muvikoscript.com/uploads/poster_images/706864699ac5a6edd06c5c91b0a9e99ccarpixel.net-2014-mercedes-benz-c-220-bluetec-amg-line-uk-11336-hd.jpg]
[demo.muvikoscript.com/uploads/poster_images/1299225875d6e2797e7b6e545ca374acp13004286_b_v8_ab.jpg]
[demo.muvikoscript.com/uploads/poster_images/4538103219ce1be54ae18b6d60f31112error1.png]
[demo.muvikoscript.com/uploads/poster_images/407426225473b3087f54e178ac53eadeSPOTIFY.png]
[demo.muvikoscript.com/uploads/poster_images/a3bbc792f842fa4304f6fed4a734c290494468.jpg]
[demo.muvikoscript.com/uploads/poster_images/a26b88d59914a7e82d2fd21c9b8c4d23carpixel.net-2014-mercedes-benz-c-220-bluetec-amg-line-uk-11336-hd.jpg]
[demo.muvikoscript.com/uploads/poster_images/acbd5beb1d0e31a4185030a6995246d026a02caf83ef30205006211cb7c939bctopgear.jpg]
[demo.muvikoscript.com/uploads/poster_images/b35ddacab241699c7359b7f4b3caa8ffcarpixel.net-2014-mercedes-benz-c-220-bluetec-amg-line-uk-11336-hd.jpg]
[demo.muvikoscript.com/uploads/poster_images/backtothefuture.jpg]
[demo.muvikoscript.com/uploads/poster_images/batman_rises.jpg]
[demo.muvikoscript.com/uploads/poster_images/be96c7db9db602072eca229ddbb903f3topgear.jpg]
[demo.muvikoscript.com/uploads/poster_images/bonnieandclyde.jpg]
[demo.muvikoscript.com/uploads/poster_images/c3acd8733153d6fe27ad0b3525dea42dpizap.jpg]
[demo.muvikoscript.com/uploads/poster_images/c3b5ee8416667041bc7c8bc8ee7e9338Poster-big.jpg]
[demo.muvikoscript.com/uploads/poster_images/c61fb7faa7f13509396a292db9c3bc95MV5BMTg3MTgxNDI1MV5BMl5BanBnXkFtZTcwMTkzMjYzMQ@@._V1_UX182_CR0,0,182,268_AL_.jpg]
[demo.muvikoscript.com/uploads/poster_images/chappie.jpg]
[demo.muvikoscript.com/uploads/poster_images/cosmos.jpg]
[demo.muvikoscript.com/uploads/poster_images/d2d6588369261f0096eaa0649affe9bccarpixel.net-2014-mercedes-benz-c-220-bluetec-amg-line-uk-11336-hd.jpg]
[demo.muvikoscript.com/uploads/poster_images/d3437b20fbdffa89220e7eff31e8ac93banco.jpg]
[demo.muvikoscript.com/uploads/poster_images/d6158ad33f10923acc5603438b3b33fecropped-1920-1080-262035.jpg]
[demo.muvikoscript.com/uploads/poster_images/d761706068a7c5599b90993fd9f89134Big-Poster.jpg]
[demo.muvikoscript.com/uploads/poster_images/daredevil.jpg]
[demo.muvikoscript.com/uploads/poster_images/de7f8474564e3ab311cfca3809eef196carpixel.net-2014-mercedes-benz-c-220-bluetec-amg-line-uk-11336-hd.jpg]
[demo.muvikoscript.com/uploads/poster_images/e5dd2ba926054d282f639dd127572249banco.jpg]
[demo.muvikoscript.com/uploads/poster_images/e38b1a4587fd22421a6a188187bdefe4hqdefault (1).jpg]
[demo.muvikoscript.com/uploads/poster_images/e154f41064c654481cff808a76ded434417641-american-horror-story-tate-langdon.jpg]
[demo.muvikoscript.com/uploads/poster_images/e648e1879ce0b4c536b197f81b335e97banco.jpg]
[demo.muvikoscript.com/uploads/poster_images/e29205db073210bc0beb193fc176650a597-maly-rudy-kotek.jpg]
[demo.muvikoscript.com/uploads/poster_images/e1730856040047eed31341ff337455f4sully.jpg]
[demo.muvikoscript.com/uploads/poster_images/e17847372947657e063decc00aa151a9large_7fxhlRw1ITAUYaqYV1bu90QxXr1.jpg]
[demo.muvikoscript.com/uploads/poster_images/eace1496b64e687fc468750bb0a1852acapitao-america-guerra-civil_t93414_1ZIsJit1.jpg]
[demo.muvikoscript.com/uploads/poster_images/ebab0851dd54a891e0fc57beeea933c0xp.php5.jpg]
[demo.muvikoscript.com/uploads/poster_images/ec7fb8ea1c5001d3d7137f27512b46c79b032800c0034f2690223e12ff014809.jpg]
[demo.muvikoscript.com/uploads/poster_images/ed5a8d9efde8e184660ad58d3f1e66b6ed2b9349-42df-4d39-9652-d764cd70cd6e.jpg]
[demo.muvikoscript.com/uploads/poster_images/everest.jpg]
[demo.muvikoscript.com/uploads/poster_images/f9f11cd5e824ca7c3edc60f57220077d00c7cbbbc5dba0db143518fbe33390a0topgear.jpg]
[demo.muvikoscript.com/uploads/poster_images/f3840a6dd9549e9692481bec2447a96fcarpixel.net-2014-mercedes-benz-c-220-bluetec-amg-line-uk-11336-hd.jpg]
[demo.muvikoscript.com/uploads/poster_images/gangstersquad.jpg]
[demo.muvikoscript.com/uploads/poster_images/grantorino.jpg]
[demo.muvikoscript.com/uploads/poster_images/gravity.jpg]
[demo.muvikoscript.com/uploads/poster_images/houseofcards.jpg]
[demo.muvikoscript.com/uploads/poster_images/iamlegend.jpg]
[demo.muvikoscript.com/uploads/poster_images/inception.jpg]
[demo.muvikoscript.com/uploads/poster_images/jurassicworld.jpg]
[demo.muvikoscript.com/uploads/poster_images/korengal.jpg]
[demo.muvikoscript.com/uploads/poster_images/kungfury.jpg]
[demo.muvikoscript.com/uploads/poster_images/peakyblinders.jpg]
[demo.muvikoscript.com/uploads/poster_images/pennydreadful.jpg]
[demo.muvikoscript.com/uploads/poster_images/planetearth.jpg]
[demo.muvikoscript.com/uploads/poster_images/rango.jpg]
[demo.muvikoscript.com/uploads/poster_images/requiemfordream.jpg]
[demo.muvikoscript.com/uploads/poster_images/ridealong.jpg]
[demo.muvikoscript.com/uploads/poster_images/shrek2.jpg]
[demo.muvikoscript.com/uploads/poster_images/startrek.jpg]
[demo.muvikoscript.com/uploads/poster_images/teenwolf.jpg]
[demo.muvikoscript.com/uploads/poster_images/the_conjuring.jpg]
[demo.muvikoscript.com/uploads/poster_images/thecabinwoods.jpg]
[demo.muvikoscript.com/uploads/poster_images/thedictator.jpg]
[demo.muvikoscript.com/uploads/poster_images/topgear.jpg]
[demo.muvikoscript.com/uploads/poster_images/vikings.jpg]
[demo.muvikoscript.com/uploads/poster_images/whitehelmets.jpg]
[demo.muvikoscript.com/uploads/poster_images/winteronfire.jpg]
[demo.muvikoscript.com/uploads/poster_images/wolfofwallstreet.jpg]
[demo.muvikoscript.com/uploads/poster_images/worldwarz.jpg]
[demo.muvikoscript.com/uploads/poster_images/index.html]
[demo.muvikoscript.com/register-2.html]
[demo.muvikoscript.com/themes/flixer/indexb70a.html]
[demo.muvikoscript.com/themes/flixer/index72c9.html]
[demo.muvikoscript.com/themes/flixer/index5851.html]
[demo.muvikoscript.com/themes/flixer/indexad3f.html]
[demo.muvikoscript.com/themes/indexc052.html]
[demo.muvikoscript.com/themes/indexf8a0.html]
[demo.muvikoscript.com/themes/indexbfec.html]
[demo.muvikoscript.com/themes/index30b5.html]
[demo.muvikoscript.com/themes/vixen/install.sql]
[demo.muvikoscript.com/themes/vixen/theme.jpg]
[demo.muvikoscript.com/themes/vixen/index.html]
[demo.muvikoscript.com/themes/flixer/ajax/indexc052.html]
[demo.muvikoscript.com/themes/flixer/ajax/indexf8a0.html]
[demo.muvikoscript.com/themes/flixer/ajax/indexbfec.html]
[demo.muvikoscript.com/themes/flixer/ajax/index30b5.html]
[demo.muvikoscript.com/themes/flixer/ajax/add_to_list.html]
[demo.muvikoscript.com/themes/flixer/ajax/get_rating.html]
[demo.muvikoscript.com/themes/flixer/ajax/load_episode.html]
[demo.muvikoscript.com/themes/flixer/ajax/load_season.html]
[demo.muvikoscript.com/themes/flixer/ajax/set_player_source.html]
[demo.muvikoscript.com/themes/flixer/ajax/update_rating.html]
[demo.muvikoscript.com/themes/flixer/assets/indexc052.html]
[demo.muvikoscript.com/themes/flixer/assets/indexf8a0.html]
[demo.muvikoscript.com/themes/flixer/assets/indexbfec.html]
[demo.muvikoscript.com/themes/flixer/assets/index30b5.html]
[demo.muvikoscript.com/themes/flixer/assets/bootstrap3/index.html]
[demo.muvikoscript.com/themes/flixer/assets/css/index.html]
[demo.muvikoscript.com/themes/flixer/assets/fonts/themify.eot]
[demo.muvikoscript.com/themes/flixer/assets/fonts/themify.ttf]
[demo.muvikoscript.com/themes/flixer/assets/fonts/themify.woff]
[demo.muvikoscript.com/themes/flixer/assets/fonts/index.html]
[demo.muvikoscript.com/themes/flixer/assets/images/2checkout.png]
[demo.muvikoscript.com/themes/flixer/assets/images/american-express.png]
[demo.muvikoscript.com/themes/flixer/assets/images/maestro.png]
[demo.muvikoscript.com/themes/flixer/assets/images/mastercard.png]
[demo.muvikoscript.com/themes/flixer/assets/images/paypal.png]
[demo.muvikoscript.com/themes/flixer/assets/images/visa.png]
[demo.muvikoscript.com/themes/flixer/assets/images/index.html]
[demo.muvikoscript.com/themes/flixer/assets/js/autocomplete.js]
[demo.muvikoscript.com/themes/flixer/assets/js/bootstrap-datepicker.js]
[demo.muvikoscript.com/themes/flixer/assets/js/bootstrap-select.js]
[demo.muvikoscript.com/themes/flixer/assets/js/ct-paper-bootstrapswitch.js]
[demo.muvikoscript.com/themes/flixer/assets/js/emojione.min.js]
[demo.muvikoscript.com/themes/flixer/assets/js/jquery-2.1.1.js]
[demo.muvikoscript.com/themes/flixer/assets/js/jquery.easypiechart.min.js]
[demo.muvikoscript.com/themes/flixer/assets/js/jquery.gritter.min.js]
[demo.muvikoscript.com/themes/flixer/assets/js/jquery.tagsinput.js]
[demo.muvikoscript.com/themes/flixer/assets/js/jquery.validate.min.js]
[demo.muvikoscript.com/themes/flixer/assets/js/modernizr.js]
[demo.muvikoscript.com/themes/flixer/assets/js/velocity.min.js]
[demo.muvikoscript.com/themes/flixer/assets/js/index.html]
[demo.muvikoscript.com/themes/flixer/assets/jwplayer/jw-icons.ttf]
[demo.muvikoscript.com/themes/flixer/assets/jwplayer/jw-icons.woff]
[demo.muvikoscript.com/themes/flixer/assets/jwplayer/jwplayer.flash.swf]
[demo.muvikoscript.com/themes/flixer/assets/jwplayer/polyfills.base64.js]
[demo.muvikoscript.com/themes/flixer/assets/jwplayer/polyfills.promise.js]
[demo.muvikoscript.com/themes/flixer/assets/jwplayer/polyfills.vttrenderer.js]
[demo.muvikoscript.com/themes/flixer/assets/jwplayer/provider.cast.js]
[demo.muvikoscript.com/themes/flixer/assets/jwplayer/provider.caterpillar.js]
[demo.muvikoscript.com/themes/flixer/assets/jwplayer/provider.flash.js]
[demo.muvikoscript.com/themes/flixer/assets/jwplayer/provider.html5.js]
[demo.muvikoscript.com/themes/flixer/assets/jwplayer/provider.shaka.js]
[demo.muvikoscript.com/themes/flixer/assets/jwplayer/provider.youtube.js]
[demo.muvikoscript.com/themes/flixer/assets/jwplayer/vttparser.js]
[demo.muvikoscript.com/themes/flixer/assets/jwplayer/index.html]
[demo.muvikoscript.com/themes/flixer/assets/tel-input/index.html]
[demo.muvikoscript.com/themes/flixer/inc/indexc052.html]
[demo.muvikoscript.com/themes/flixer/inc/indexf8a0.html]
[demo.muvikoscript.com/themes/flixer/inc/indexbfec.html]
[demo.muvikoscript.com/themes/flixer/inc/index30b5.html]
[demo.muvikoscript.com/uploads/indexb70a.html]
[demo.muvikoscript.com/uploads/index72c9.html]
[demo.muvikoscript.com/uploads/index5851.html]
[demo.muvikoscript.com/uploads/indexad3f.html]
[demo.muvikoscript.com/uploads/actors/indexc052.html]
[demo.muvikoscript.com/uploads/actors/indexf8a0.html]
[demo.muvikoscript.com/uploads/actors/indexbfec.html]
[demo.muvikoscript.com/uploads/actors/index30b5.html]
[demo.muvikoscript.com/uploads/episodes/indexc052.html]
[demo.muvikoscript.com/uploads/episodes/indexf8a0.html]
[demo.muvikoscript.com/uploads/episodes/indexbfec.html]
[demo.muvikoscript.com/uploads/episodes/index30b5.html]
[demo.muvikoscript.com/uploads/masonry_images/indexc052.html]
[demo.muvikoscript.com/uploads/masonry_images/indexf8a0.html]
[demo.muvikoscript.com/uploads/masonry_images/indexbfec.html]
[demo.muvikoscript.com/uploads/masonry_images/index30b5.html]
[demo.muvikoscript.com/uploads/masonry_images/оld/masonry20.jpg]
[demo.muvikoscript.com/uploads/masonry_images/оld/masonry21.jpg]
[demo.muvikoscript.com/uploads/masonry_images/оld/masonry22.jpg]
[demo.muvikoscript.com/uploads/masonry_images/оld/masonry23.jpg]
[demo.muvikoscript.com/uploads/masonry_images/оld/masonry24.jpg]
[demo.muvikoscript.com/uploads/masonry_images/оld/masonry25.jpg]
[demo.muvikoscript.com/uploads/masonry_images/оld/masonry26.jpg]
[demo.muvikoscript.com/uploads/masonry_images/оld/masonry27.jpg]
[demo.muvikoscript.com/uploads/masonry_images/оld/masonry28.jpg]
[demo.muvikoscript.com/uploads/masonry_images/оld/masonry29.jpg]
[demo.muvikoscript.com/uploads/masonry_images/оld/masonry30.jpg]
[demo.muvikoscript.com/uploads/masonry_images/оld/masonry31.jpg]
[demo.muvikoscript.com/uploads/masonry_images/оld/masonry32.jpg]
[demo.muvikoscript.com/uploads/masonry_images/оld/masonry33.jpg]
[demo.muvikoscript.com/uploads/masonry_images/оld/index.html]
[demo.muvikoscript.com/uploads/masonry_images/new/masonry20.jpg]
[demo.muvikoscript.com/uploads/masonry_images/new/masonry21.jpg]
[demo.muvikoscript.com/uploads/masonry_images/new/masonry22.jpg]
[demo.muvikoscript.com/uploads/masonry_images/new/masonry23.jpg]
[demo.muvikoscript.com/uploads/masonry_images/new/masonry24.jpg]
[demo.muvikoscript.com/uploads/masonry_images/new/masonry26.jpg]
[demo.muvikoscript.com/uploads/masonry_images/new/masonry27.jpg]
[demo.muvikoscript.com/uploads/masonry_images/new/masonry28.jpg]
[demo.muvikoscript.com/uploads/masonry_images/new/masonry29.jpg]
[demo.muvikoscript.com/uploads/masonry_images/new/masonry30.jpg]
[demo.muvikoscript.com/uploads/masonry_images/new/masonry32.jpg]
[demo.muvikoscript.com/uploads/masonry_images/new/masonry33.jpg]
[demo.muvikoscript.com/uploads/masonry_images/new/index.html]
[demo.muvikoscript.com/uploads/poster_images/indexc052.html]
[demo.muvikoscript.com/uploads/poster_images/indexf8a0.html]
[demo.muvikoscript.com/uploads/poster_images/indexbfec.html]
[demo.muvikoscript.com/uploads/poster_images/index30b5.html]
[demo.muvikoscript.com/themes/indexb70a.html]
[demo.muvikoscript.com/themes/index72c9.html]
[demo.muvikoscript.com/themes/index5851.html]
[demo.muvikoscript.com/themes/indexad3f.html]
[demo.muvikoscript.com/themes/vixen/indexc052.html]
[demo.muvikoscript.com/themes/vixen/indexf8a0.html]
[demo.muvikoscript.com/themes/vixen/indexbfec.html]
[demo.muvikoscript.com/themes/vixen/index30b5.html]
[demo.muvikoscript.com/themes/vixen/ajax/index.html]
[demo.muvikoscript.com/themes/vixen/assets/index.html]
[demo.muvikoscript.com/themes/vixen/inc/index.html]
[demo.muvikoscript.com/themes/flixer/ajax/indexb70a.html]
[demo.muvikoscript.com/themes/flixer/ajax/index72c9.html]
[demo.muvikoscript.com/themes/flixer/ajax/index5851.html]
[demo.muvikoscript.com/themes/flixer/ajax/indexad3f.html]
[demo.muvikoscript.com/themes/flixer/assets/indexb70a.html]
[demo.muvikoscript.com/themes/flixer/assets/index72c9.html]
[demo.muvikoscript.com/themes/flixer/assets/index5851.html]
[demo.muvikoscript.com/themes/flixer/assets/indexad3f.html]
[demo.muvikoscript.com/themes/flixer/assets/bootstrap3/indexc052.html]
[demo.muvikoscript.com/themes/flixer/assets/bootstrap3/indexf8a0.html]
[demo.muvikoscript.com/themes/flixer/assets/bootstrap3/indexbfec.html]
[demo.muvikoscript.com/themes/flixer/assets/bootstrap3/index30b5.html]
[demo.muvikoscript.com/themes/flixer/assets/bootstrap3/css/index.html]
[demo.muvikoscript.com/themes/flixer/assets/bootstrap3/js/index.html]
[demo.muvikoscript.com/themes/flixer/assets/css/indexc052.html]
[demo.muvikoscript.com/themes/flixer/assets/css/indexf8a0.html]
[demo.muvikoscript.com/themes/flixer/assets/css/indexbfec.html]
[demo.muvikoscript.com/themes/flixer/assets/css/index30b5.html]
[demo.muvikoscript.com/themes/flixer/assets/css/autocomplete.css]
[demo.muvikoscript.com/themes/flixer/assets/css/images/bx_loader.gif]
[demo.muvikoscript.com/themes/flixer/assets/css/images/controls.png]
[demo.muvikoscript.com/themes/flixer/assets/css/bxslider.css]
[demo.muvikoscript.com/themes/flixer/assets/css/examples.css]
[demo.muvikoscript.com/themes/flixer/assets/css/images/ie-spacer.gif]
[demo.muvikoscript.com/themes/flixer/assets/css/images/index.html]
[demo.muvikoscript.com/themes/flixer/assets/css/jquery.gritter.css]
[demo.muvikoscript.com/themes/flixer/assets/css/reset.css]
[demo.muvikoscript.com/themes/flixer/assets/fonts/indexc052.html]
[demo.muvikoscript.com/themes/flixer/assets/fonts/indexf8a0.html]
[demo.muvikoscript.com/themes/flixer/assets/fonts/indexbfec.html]
[demo.muvikoscript.com/themes/flixer/assets/fonts/index30b5.html]
[demo.muvikoscript.com/themes/flixer/assets/fonts/themify.svg]
[demo.muvikoscript.com/themes/flixer/assets/images/indexc052.html]
[demo.muvikoscript.com/themes/flixer/assets/images/indexf8a0.html]
[demo.muvikoscript.com/themes/flixer/assets/images/indexbfec.html]
[demo.muvikoscript.com/themes/flixer/assets/images/index30b5.html]
[demo.muvikoscript.com/themes/flixer/assets/images/avatars/1.png]
[demo.muvikoscript.com/themes/flixer/assets/images/avatars/2.jpg]
[demo.muvikoscript.com/themes/flixer/assets/images/avatars/2.png]
[demo.muvikoscript.com/themes/flixer/assets/images/avatars/3.png]
[demo.muvikoscript.com/themes/flixer/assets/images/avatars/4.png]
[demo.muvikoscript.com/themes/flixer/assets/images/avatars/5.png]
[demo.muvikoscript.com/themes/flixer/assets/images/avatars/6.png]
[demo.muvikoscript.com/themes/flixer/assets/images/avatars/7.png]
[demo.muvikoscript.com/themes/flixer/assets/images/avatars/8.png]
[demo.muvikoscript.com/themes/flixer/assets/images/avatars/9.png]
[demo.muvikoscript.com/themes/flixer/assets/images/avatars/index.html]
[demo.muvikoscript.com/themes/flixer/assets/js/indexc052.html]
[demo.muvikoscript.com/themes/flixer/assets/js/indexf8a0.html]
[demo.muvikoscript.com/themes/flixer/assets/js/indexbfec.html]
[demo.muvikoscript.com/themes/flixer/assets/js/index30b5.html]
[demo.muvikoscript.com/themes/flixer/assets/jwplayer/indexc052.html]
[demo.muvikoscript.com/themes/flixer/assets/jwplayer/indexf8a0.html]
[demo.muvikoscript.com/themes/flixer/assets/jwplayer/indexbfec.html]
[demo.muvikoscript.com/themes/flixer/assets/jwplayer/index30b5.html]
[demo.muvikoscript.com/themes/flixer/assets/jwplayer/skins/index.html]
[demo.muvikoscript.com/themes/flixer/assets/tel-input/indexc052.html]
[demo.muvikoscript.com/themes/flixer/assets/tel-input/indexf8a0.html]
[demo.muvikoscript.com/themes/flixer/assets/tel-input/indexbfec.html]
[demo.muvikoscript.com/themes/flixer/assets/tel-input/index30b5.html]
[demo.muvikoscript.com/themes/flixer/assets/tel-input/css/index.html]
[demo.muvikoscript.com/themes/flixer/assets/tel-input/img/index.html]
[demo.muvikoscript.com/themes/flixer/assets/tel-input/js/utils.js]
[demo.muvikoscript.com/themes/flixer/assets/tel-input/js/index.html]
[demo.muvikoscript.com/themes/flixer/extend.html]
[demo.muvikoscript.com/themes/flixer/inc/indexb70a.html]
[demo.muvikoscript.com/themes/flixer/inc/index72c9.html]
[demo.muvikoscript.com/themes/flixer/inc/index5851.html]
[demo.muvikoscript.com/themes/flixer/inc/indexad3f.html]
[demo.muvikoscript.com/themes/flixer/layout/index.html]
[demo.muvikoscript.com/uploads/actors/indexb70a.html]
[demo.muvikoscript.com/uploads/actors/index72c9.html]
[demo.muvikoscript.com/uploads/actors/index5851.html]
[demo.muvikoscript.com/uploads/actors/indexad3f.html]
[demo.muvikoscript.com/uploads/episodes/indexb70a.html]
[demo.muvikoscript.com/uploads/episodes/index72c9.html]
[demo.muvikoscript.com/uploads/episodes/index5851.html]
[demo.muvikoscript.com/uploads/episodes/indexad3f.html]
[demo.muvikoscript.com/uploads/masonry_images/indexb70a.html]
[demo.muvikoscript.com/uploads/masonry_images/index72c9.html]
[demo.muvikoscript.com/uploads/masonry_images/index5851.html]
[demo.muvikoscript.com/uploads/masonry_images/indexad3f.html]
[demo.muvikoscript.com/uploads/masonry_images/оld/indexc052.html]
[demo.muvikoscript.com/uploads/masonry_images/оld/indexf8a0.html]
[demo.muvikoscript.com/uploads/masonry_images/оld/indexbfec.html]
[demo.muvikoscript.com/uploads/masonry_images/оld/index30b5.html]
[demo.muvikoscript.com/uploads/masonry_images/new/indexc052.html]
[demo.muvikoscript.com/uploads/masonry_images/new/indexf8a0.html]
[demo.muvikoscript.com/uploads/masonry_images/new/indexbfec.html]
[demo.muvikoscript.com/uploads/masonry_images/new/index30b5.html]
[demo.muvikoscript.com/uploads/poster_images/indexb70a.html]
[demo.muvikoscript.com/uploads/poster_images/index72c9.html]
[demo.muvikoscript.com/uploads/poster_images/index5851.html]
[demo.muvikoscript.com/uploads/poster_images/indexad3f.html]
[demo.muvikoscript.com/themes/vixen/indexb70a.html]
[demo.muvikoscript.com/themes/vixen/index72c9.html]
[demo.muvikoscript.com/themes/vixen/index5851.html]
[demo.muvikoscript.com/themes/vixen/indexad3f.html]
[demo.muvikoscript.com/themes/vixen/ajax/indexc052.html]
[demo.muvikoscript.com/themes/vixen/ajax/indexf8a0.html]
[demo.muvikoscript.com/themes/vixen/ajax/indexbfec.html]
[demo.muvikoscript.com/themes/vixen/ajax/index30b5.html]
[demo.muvikoscript.com/themes/vixen/ajax/add_to_list.html]
[demo.muvikoscript.com/themes/vixen/ajax/get_rating.html]
[demo.muvikoscript.com/themes/vixen/ajax/load_episode.html]
[demo.muvikoscript.com/themes/vixen/ajax/load_season.html]
[demo.muvikoscript.com/themes/vixen/ajax/set_player_source.html]
[demo.muvikoscript.com/themes/vixen/ajax/update_rating.html]
[demo.muvikoscript.com/themes/vixen/assets/indexc052.html]
[demo.muvikoscript.com/themes/vixen/assets/indexf8a0.html]
[demo.muvikoscript.com/themes/vixen/assets/indexbfec.html]
[demo.muvikoscript.com/themes/vixen/assets/index30b5.html]
[demo.muvikoscript.com/themes/vixen/assets/bootstrap3/index.html]
[demo.muvikoscript.com/themes/vixen/assets/css/index.html]
[demo.muvikoscript.com/themes/vixen/assets/fonts/IcoMoon-Free.ttf]
[demo.muvikoscript.com/themes/vixen/assets/fonts/themify.eot]
[demo.muvikoscript.com/themes/vixen/assets/fonts/themify.ttf]
[demo.muvikoscript.com/themes/vixen/assets/fonts/themify.woff]
[demo.muvikoscript.com/themes/vixen/assets/fonts/index.html]
[demo.muvikoscript.com/themes/vixen/assets/images/amex.png]
[demo.muvikoscript.com/themes/vixen/assets/images/header.jpg]
[demo.muvikoscript.com/themes/vixen/assets/images/logo.png]
[demo.muvikoscript.com/themes/vixen/assets/images/mastercard.png]
[demo.muvikoscript.com/themes/vixen/assets/images/padlock.png]
[demo.muvikoscript.com/themes/vixen/assets/images/paypal.png]
[demo.muvikoscript.com/themes/vixen/assets/images/visa.png]
[demo.muvikoscript.com/themes/vixen/assets/images/index.html]
[demo.muvikoscript.com/themes/vixen/assets/js/app.js]
[demo.muvikoscript.com/themes/vixen/assets/js/autocomplete.js]
[demo.muvikoscript.com/themes/vixen/assets/js/bootstrap-datepicker.js]
[demo.muvikoscript.com/themes/vixen/assets/js/bootstrap-select.js]
[demo.muvikoscript.com/themes/vixen/assets/js/chosen.jquery.min.js]
[demo.muvikoscript.com/themes/vixen/assets/js/ct-paper-bootstrapswitch.js]
[demo.muvikoscript.com/themes/vixen/assets/js/ct-paper-checkbox.js]
[demo.muvikoscript.com/themes/vixen/assets/js/ct-paper-radio.js]
[demo.muvikoscript.com/themes/vixen/assets/js/emojione.min.js]
[demo.muvikoscript.com/themes/vixen/assets/js/icomoon.js]
[demo.muvikoscript.com/themes/vixen/assets/js/jquery-1.10.2.js]
[demo.muvikoscript.com/themes/vixen/assets/js/jquery-2.1.1.js]
[demo.muvikoscript.com/themes/vixen/assets/js/jquery-ui-1.10.4.custom.min.js]
[demo.muvikoscript.com/themes/vixen/assets/js/jquery.easypiechart.min.js]
[demo.muvikoscript.com/themes/vixen/assets/js/jquery.gritter.min.js]
[demo.muvikoscript.com/themes/vixen/assets/js/jquery.mCustomScrollbar.concat.min.js]
[demo.muvikoscript.com/themes/vixen/assets/js/jquery.tagsinput.js]
[demo.muvikoscript.com/themes/vixen/assets/js/jquery.validate.min.js]
[demo.muvikoscript.com/themes/vixen/assets/js/modernizr.js]
[demo.muvikoscript.com/themes/vixen/assets/js/nprogress.js]
[demo.muvikoscript.com/themes/vixen/assets/js/owl.carousel.js]
[demo.muvikoscript.com/themes/vixen/assets/js/theme.js]
[demo.muvikoscript.com/themes/vixen/assets/js/velocity.min.js]
[demo.muvikoscript.com/themes/vixen/assets/js/index.html]
[demo.muvikoscript.com/themes/vixen/assets/jwplayer/jw-icons.ttf]
[demo.muvikoscript.com/themes/vixen/assets/jwplayer/jw-icons.woff]
[demo.muvikoscript.com/themes/vixen/assets/jwplayer/jwplayer.flash.swf]
[demo.muvikoscript.com/themes/vixen/assets/jwplayer/jwplayer.js]
[demo.muvikoscript.com/themes/vixen/assets/jwplayer/polyfills.base64.js]
[demo.muvikoscript.com/themes/vixen/assets/jwplayer/polyfills.promise.js]
[demo.muvikoscript.com/themes/vixen/assets/jwplayer/polyfills.vttrenderer.js]
[demo.muvikoscript.com/themes/vixen/assets/jwplayer/provider.cast.js]
[demo.muvikoscript.com/themes/vixen/assets/jwplayer/provider.caterpillar.js]
[demo.muvikoscript.com/themes/vixen/assets/jwplayer/provider.flash.js]
[demo.muvikoscript.com/themes/vixen/assets/jwplayer/provider.html5.js]
[demo.muvikoscript.com/themes/vixen/assets/jwplayer/provider.shaka.js]
[demo.muvikoscript.com/themes/vixen/assets/jwplayer/provider.youtube.js]
[demo.muvikoscript.com/themes/vixen/assets/jwplayer/vttparser.js]
[demo.muvikoscript.com/themes/vixen/assets/jwplayer/index.html]
[demo.muvikoscript.com/themes/vixen/assets/old/index.html]
[demo.muvikoscript.com/themes/vixen/assets/tel-input/index.html]
[demo.muvikoscript.com/themes/vixen/inc/indexc052.html]
[demo.muvikoscript.com/themes/vixen/inc/indexf8a0.html]
[demo.muvikoscript.com/themes/vixen/inc/indexbfec.html]
[demo.muvikoscript.com/themes/vixen/inc/index30b5.html]
[demo.muvikoscript.com/themes/flixer/assets/bootstrap3/indexb70a.html]
[demo.muvikoscript.com/themes/flixer/assets/bootstrap3/index72c9.html]
[demo.muvikoscript.com/themes/flixer/assets/bootstrap3/index5851.html]
[demo.muvikoscript.com/themes/flixer/assets/bootstrap3/indexad3f.html]
[demo.muvikoscript.com/themes/flixer/assets/bootstrap3/css/indexc052.html]
[demo.muvikoscript.com/themes/flixer/assets/bootstrap3/css/indexf8a0.html]
[demo.muvikoscript.com/themes/flixer/assets/bootstrap3/css/indexbfec.html]
[demo.muvikoscript.com/themes/flixer/assets/bootstrap3/css/index30b5.html]
[demo.muvikoscript.com/themes/flixer/assets/bootstrap3/js/indexc052.html]
[demo.muvikoscript.com/themes/flixer/assets/bootstrap3/js/indexf8a0.html]
[demo.muvikoscript.com/themes/flixer/assets/bootstrap3/js/indexbfec.html]
[demo.muvikoscript.com/themes/flixer/assets/bootstrap3/js/index30b5.html]
[demo.muvikoscript.com/themes/flixer/assets/css/indexb70a.html]
[demo.muvikoscript.com/themes/flixer/assets/css/index72c9.html]
[demo.muvikoscript.com/themes/flixer/assets/css/index5851.html]
[demo.muvikoscript.com/themes/flixer/assets/css/indexad3f.html]
[demo.muvikoscript.com/themes/flixer/assets/paper_img/landscape.html]
[demo.muvikoscript.com/themes/flixer/assets/css/images/indexc052.html]
[demo.muvikoscript.com/themes/flixer/assets/css/images/indexf8a0.html]
[demo.muvikoscript.com/themes/flixer/assets/css/images/indexbfec.html]
[demo.muvikoscript.com/themes/flixer/assets/css/images/index30b5.html]
[demo.muvikoscript.com/themes/flixer/assets/images/ie-spacer.html]
[demo.muvikoscript.com/themes/flixer/assets/images/gritter.html]
[demo.muvikoscript.com/themes/flixer/assets/images/gritter-light.html]
[demo.muvikoscript.com/themes/flixer/assets/fonts/indexb70a.html]
[demo.muvikoscript.com/themes/flixer/assets/fonts/index72c9.html]
[demo.muvikoscript.com/themes/flixer/assets/fonts/index5851.html]
[demo.muvikoscript.com/themes/flixer/assets/fonts/indexad3f.html]
[demo.muvikoscript.com/themes/flixer/assets/images/indexb70a.html]
[demo.muvikoscript.com/themes/flixer/assets/images/index72c9.html]
[demo.muvikoscript.com/themes/flixer/assets/images/index5851.html]
[demo.muvikoscript.com/themes/flixer/assets/images/indexad3f.html]
[demo.muvikoscript.com/themes/flixer/assets/images/avatars/indexc052.html]
[demo.muvikoscript.com/themes/flixer/assets/images/avatars/indexf8a0.html]
[demo.muvikoscript.com/themes/flixer/assets/images/avatars/indexbfec.html]
[demo.muvikoscript.com/themes/flixer/assets/images/avatars/index30b5.html]
[demo.muvikoscript.com/themes/flixer/assets/images/avatars/fsd/1.png]
[demo.muvikoscript.com/themes/flixer/assets/images/avatars/fsd/2.jpg]
[demo.muvikoscript.com/themes/flixer/assets/images/avatars/fsd/3.png]
[demo.muvikoscript.com/themes/flixer/assets/images/avatars/fsd/4.png]
[demo.muvikoscript.com/themes/flixer/assets/images/avatars/fsd/5.png]
[demo.muvikoscript.com/themes/flixer/assets/images/avatars/fsd/6.png]
[demo.muvikoscript.com/themes/flixer/assets/images/avatars/fsd/7.png]
[demo.muvikoscript.com/themes/flixer/assets/images/avatars/fsd/8.png]
[demo.muvikoscript.com/themes/flixer/assets/images/avatars/fsd/9.png]
[demo.muvikoscript.com/themes/flixer/assets/images/avatars/fsd/index.html]
[demo.muvikoscript.com/themes/flixer/assets/js/indexb70a.html]
[demo.muvikoscript.com/themes/flixer/assets/js/index72c9.html]
[demo.muvikoscript.com/themes/flixer/assets/js/index5851.html]
[demo.muvikoscript.com/themes/flixer/assets/js/indexad3f.html]
[demo.muvikoscript.com/themes/flixer/assets/jwplayer/indexb70a.html]
[demo.muvikoscript.com/themes/flixer/assets/jwplayer/index72c9.html]
[demo.muvikoscript.com/themes/flixer/assets/jwplayer/index5851.html]
[demo.muvikoscript.com/themes/flixer/assets/jwplayer/indexad3f.html]
[demo.muvikoscript.com/themes/flixer/assets/jwplayer/skins/indexc052.html]
[demo.muvikoscript.com/themes/flixer/assets/jwplayer/skins/indexf8a0.html]
[demo.muvikoscript.com/themes/flixer/assets/jwplayer/skins/indexbfec.html]
[demo.muvikoscript.com/themes/flixer/assets/jwplayer/skins/index30b5.html]
[demo.muvikoscript.com/themes/flixer/assets/jwplayer/skins/beelden.css]
[demo.muvikoscript.com/themes/flixer/assets/jwplayer/skins/bekle.css]
[demo.muvikoscript.com/themes/flixer/assets/jwplayer/skins/five.css]
[demo.muvikoscript.com/themes/flixer/assets/jwplayer/skins/glow.css]
[demo.muvikoscript.com/themes/flixer/assets/jwplayer/skins/roundster.css]
[demo.muvikoscript.com/themes/flixer/assets/jwplayer/skins/seven.css]
[demo.muvikoscript.com/themes/flixer/assets/jwplayer/skins/six.css]
[demo.muvikoscript.com/themes/flixer/assets/jwplayer/skins/stormtrooper.css]
[demo.muvikoscript.com/themes/flixer/assets/jwplayer/skins/vapor.css]
[demo.muvikoscript.com/themes/flixer/assets/tel-input/indexb70a.html]
[demo.muvikoscript.com/themes/flixer/assets/tel-input/index72c9.html]
[demo.muvikoscript.com/themes/flixer/assets/tel-input/index5851.html]
[demo.muvikoscript.com/themes/flixer/assets/tel-input/indexad3f.html]
[demo.muvikoscript.com/themes/flixer/assets/tel-input/css/indexc052.html]
[demo.muvikoscript.com/themes/flixer/assets/tel-input/css/indexf8a0.html]
[demo.muvikoscript.com/themes/flixer/assets/tel-input/css/indexbfec.html]
[demo.muvikoscript.com/themes/flixer/assets/tel-input/css/index30b5.html]
[demo.muvikoscript.com/themes/flixer/assets/tel-input/img/indexc052.html]
[demo.muvikoscript.com/themes/flixer/assets/tel-input/img/indexf8a0.html]
[demo.muvikoscript.com/themes/flixer/assets/tel-input/img/indexbfec.html]
[demo.muvikoscript.com/themes/flixer/assets/tel-input/img/index30b5.html]
[demo.muvikoscript.com/themes/flixer/assets/tel-input/js/indexc052.html]
[demo.muvikoscript.com/themes/flixer/assets/tel-input/js/indexf8a0.html]
[demo.muvikoscript.com/themes/flixer/assets/tel-input/js/indexbfec.html]
[demo.muvikoscript.com/themes/flixer/assets/tel-input/js/index30b5.html]
[demo.muvikoscript.com/themes/flixer/inc/bottom.html]
[demo.muvikoscript.com/themes/flixer/inc/top.html]
[demo.muvikoscript.com/uploads/masonry_images/оld/indexb70a.html]
[demo.muvikoscript.com/uploads/masonry_images/оld/index72c9.html]
[demo.muvikoscript.com/uploads/masonry_images/оld/index5851.html]
[demo.muvikoscript.com/uploads/masonry_images/оld/indexad3f.html]
[demo.muvikoscript.com/uploads/masonry_images/new/indexb70a.html]
[demo.muvikoscript.com/uploads/masonry_images/new/index72c9.html]
[demo.muvikoscript.com/uploads/masonry_images/new/index5851.html]
[demo.muvikoscript.com/uploads/masonry_images/new/indexad3f.html]
[demo.muvikoscript.com/themes/vixen/ajax/indexb70a.html]
[demo.muvikoscript.com/themes/vixen/ajax/index72c9.html]
[demo.muvikoscript.com/themes/vixen/ajax/index5851.html]
[demo.muvikoscript.com/themes/vixen/ajax/indexad3f.html]
[demo.muvikoscript.com/themes/vixen/assets/indexb70a.html]
[demo.muvikoscript.com/themes/vixen/assets/index72c9.html]
[demo.muvikoscript.com/themes/vixen/assets/index5851.html]
[demo.muvikoscript.com/themes/vixen/assets/indexad3f.html]
[demo.muvikoscript.com/themes/vixen/assets/bootstrap3/indexc052.html]
[demo.muvikoscript.com/themes/vixen/assets/bootstrap3/indexf8a0.html]
[demo.muvikoscript.com/themes/vixen/assets/bootstrap3/indexbfec.html]
[demo.muvikoscript.com/themes/vixen/assets/bootstrap3/index30b5.html]
[demo.muvikoscript.com/themes/vixen/assets/bootstrap3/css/index.html]
[demo.muvikoscript.com/themes/vixen/assets/bootstrap3/js/bootstrap.js]
[demo.muvikoscript.com/themes/vixen/assets/bootstrap3/js/index.html]
[demo.muvikoscript.com/themes/vixen/assets/css/indexc052.html]
[demo.muvikoscript.com/themes/vixen/assets/css/indexf8a0.html]
[demo.muvikoscript.com/themes/vixen/assets/css/indexbfec.html]
[demo.muvikoscript.com/themes/vixen/assets/css/index30b5.html]
[demo.muvikoscript.com/themes/vixen/assets/css/animate.css]
[demo.muvikoscript.com/themes/vixen/assets/css/autocomplete.css]
[demo.muvikoscript.com/themes/vixen/assets/css/images/bx_loader.gif]
[demo.muvikoscript.com/themes/vixen/assets/css/images/controls.png]
[demo.muvikoscript.com/themes/vixen/assets/css/bxslider.css]
[demo.muvikoscript.com/themes/vixen/assets/css/chosen-bootstrap.css]
[demo.muvikoscript.com/themes/vixen/assets/css/chosen.min.css]
[demo.muvikoscript.com/themes/vixen/assets/css/examples.css]
[demo.muvikoscript.com/themes/vixen/assets/css/icomoon.css]
[demo.muvikoscript.com/themes/vixen/assets/css/images/ie-spacer.gif]
[demo.muvikoscript.com/themes/vixen/assets/css/images/index.html]
[demo.muvikoscript.com/themes/vixen/assets/css/jquery.gritter.css]
[demo.muvikoscript.com/themes/vixen/assets/css/jquery.mCustomScrollbar.min.css]
[demo.muvikoscript.com/themes/vixen/assets/css/nprogress.css]
[demo.muvikoscript.com/themes/vixen/assets/css/owl.carousel.css]
[demo.muvikoscript.com/themes/vixen/assets/css/owl.transitions.css]
[demo.muvikoscript.com/themes/vixen/assets/tel-input/img/flags.png]
[demo.muvikoscript.com/themes/vixen/assets/css/plugins.css]
[demo.muvikoscript.com/themes/vixen/assets/css/reset.css]
[demo.muvikoscript.com/themes/vixen/assets/css/style.css]
[demo.muvikoscript.com/themes/vixen/assets/css/theme.css]
[demo.muvikoscript.com/themes/vixen/assets/fonts/themify9f24.eot]
[demo.muvikoscript.com/themes/vixen/assets/fonts/themifyd41d.eot]
[demo.muvikoscript.com/themes/vixen/assets/fonts/themify9f24.woff]
[demo.muvikoscript.com/themes/vixen/assets/fonts/themify9f24.ttf]
[demo.muvikoscript.com/themes/vixen/assets/css/themify-icons.css]
[demo.muvikoscript.com/themes/vixen/assets/fonts/indexc052.html]
[demo.muvikoscript.com/themes/vixen/assets/fonts/indexf8a0.html]
[demo.muvikoscript.com/themes/vixen/assets/fonts/indexbfec.html]
[demo.muvikoscript.com/themes/vixen/assets/fonts/index30b5.html]
[demo.muvikoscript.com/themes/vixen/assets/fonts/themify.svg]
[demo.muvikoscript.com/themes/vixen/assets/images/indexc052.html]
[demo.muvikoscript.com/themes/vixen/assets/images/indexf8a0.html]
[demo.muvikoscript.com/themes/vixen/assets/images/indexbfec.html]
[demo.muvikoscript.com/themes/vixen/assets/images/index30b5.html]
[demo.muvikoscript.com/themes/vixen/assets/images/avatars/1.png]
[demo.muvikoscript.com/themes/vixen/assets/images/avatars/2.jpg]
[demo.muvikoscript.com/themes/vixen/assets/images/avatars/2.png]
[demo.muvikoscript.com/themes/vixen/assets/images/avatars/3.png]
[demo.muvikoscript.com/themes/vixen/assets/images/avatars/4.png]
[demo.muvikoscript.com/themes/vixen/assets/images/avatars/5.png]
[demo.muvikoscript.com/themes/vixen/assets/images/avatars/6.png]
[demo.muvikoscript.com/themes/vixen/assets/images/avatars/7.png]
[demo.muvikoscript.com/themes/vixen/assets/images/avatars/8.png]
[demo.muvikoscript.com/themes/vixen/assets/images/avatars/9.png]
[demo.muvikoscript.com/themes/vixen/assets/images/avatars/index.html]
[demo.muvikoscript.com/themes/vixen/assets/js/indexc052.html]
[demo.muvikoscript.com/themes/vixen/assets/js/indexf8a0.html]
[demo.muvikoscript.com/themes/vixen/assets/js/indexbfec.html]
[demo.muvikoscript.com/themes/vixen/assets/js/index30b5.html]
[demo.muvikoscript.com/themes/vixen/assets/jwplayer/indexc052.html]
[demo.muvikoscript.com/themes/vixen/assets/jwplayer/indexf8a0.html]
[demo.muvikoscript.com/themes/vixen/assets/jwplayer/indexbfec.html]
[demo.muvikoscript.com/themes/vixen/assets/jwplayer/index30b5.html]
[demo.muvikoscript.com/themes/vixen/assets/jwplayer/skins/index.html]
[demo.muvikoscript.com/themes/vixen/assets/old/indexc052.html]
[demo.muvikoscript.com/themes/vixen/assets/old/indexf8a0.html]
[demo.muvikoscript.com/themes/vixen/assets/old/indexbfec.html]
[demo.muvikoscript.com/themes/vixen/assets/old/index30b5.html]
[demo.muvikoscript.com/themes/vixen/assets/old/images/amex.png]
[demo.muvikoscript.com/themes/vixen/assets/old/images/logo.png]
[demo.muvikoscript.com/themes/vixen/assets/old/images/mastercard.png]
[demo.muvikoscript.com/themes/vixen/assets/old/images/paypal.png]
[demo.muvikoscript.com/themes/vixen/assets/old/images/visa.png]
[demo.muvikoscript.com/themes/vixen/assets/old/images/index.html]
[demo.muvikoscript.com/themes/vixen/assets/tel-input/indexc052.html]
[demo.muvikoscript.com/themes/vixen/assets/tel-input/indexf8a0.html]
[demo.muvikoscript.com/themes/vixen/assets/tel-input/indexbfec.html]
[demo.muvikoscript.com/themes/vixen/assets/tel-input/index30b5.html]
[demo.muvikoscript.com/themes/vixen/assets/tel-input/css/index.html]
[demo.muvikoscript.com/themes/vixen/assets/tel-input/img/flags@2x.png]
[demo.muvikoscript.com/themes/vixen/assets/tel-input/img/index.html]
[demo.muvikoscript.com/themes/vixen/assets/tel-input/js/intlTelInput.min.js]
[demo.muvikoscript.com/themes/vixen/assets/tel-input/js/utils.js]
[demo.muvikoscript.com/themes/vixen/assets/tel-input/js/index.html]
[demo.muvikoscript.com/themes/vixen/extend.html]
[demo.muvikoscript.com/themes/vixen/inc/indexb70a.html]
[demo.muvikoscript.com/themes/vixen/inc/index72c9.html]
[demo.muvikoscript.com/themes/vixen/inc/index5851.html]
[demo.muvikoscript.com/themes/vixen/inc/indexad3f.html]
[demo.muvikoscript.com/themes/vixen/layout/index.html]
[demo.muvikoscript.com/themes/flixer/assets/bootstrap3/css/indexb70a.html]
[demo.muvikoscript.com/themes/flixer/assets/bootstrap3/css/index72c9.html]
[demo.muvikoscript.com/themes/flixer/assets/bootstrap3/css/index5851.html]
[demo.muvikoscript.com/themes/flixer/assets/bootstrap3/css/indexad3f.html]
[demo.muvikoscript.com/themes/flixer/assets/bootstrap3/js/indexb70a.html]
[demo.muvikoscript.com/themes/flixer/assets/bootstrap3/js/index72c9.html]
[demo.muvikoscript.com/themes/flixer/assets/bootstrap3/js/index5851.html]
[demo.muvikoscript.com/themes/flixer/assets/bootstrap3/js/indexad3f.html]
[demo.muvikoscript.com/themes/flixer/assets/css/images/indexb70a.html]
[demo.muvikoscript.com/themes/flixer/assets/css/images/index72c9.html]
[demo.muvikoscript.com/themes/flixer/assets/css/images/index5851.html]
[demo.muvikoscript.com/themes/flixer/assets/css/images/indexad3f.html]
[demo.muvikoscript.com/themes/flixer/assets/images/avatars/indexb70a.html]
[demo.muvikoscript.com/themes/flixer/assets/images/avatars/index72c9.html]
[demo.muvikoscript.com/themes/flixer/assets/images/avatars/index5851.html]
[demo.muvikoscript.com/themes/flixer/assets/images/avatars/indexad3f.html]
[demo.muvikoscript.com/themes/flixer/assets/images/avatars/fsd/indexc052.html]
[demo.muvikoscript.com/themes/flixer/assets/images/avatars/fsd/indexf8a0.html]
[demo.muvikoscript.com/themes/flixer/assets/images/avatars/fsd/indexbfec.html]
[demo.muvikoscript.com/themes/flixer/assets/images/avatars/fsd/index30b5.html]
[demo.muvikoscript.com/themes/flixer/assets/jwplayer/skins/indexb70a.html]
[demo.muvikoscript.com/themes/flixer/assets/jwplayer/skins/index72c9.html]
[demo.muvikoscript.com/themes/flixer/assets/jwplayer/skins/index5851.html]
[demo.muvikoscript.com/themes/flixer/assets/jwplayer/skins/indexad3f.html]
[demo.muvikoscript.com/themes/flixer/assets/tel-input/css/indexb70a.html]
[demo.muvikoscript.com/themes/flixer/assets/tel-input/css/index72c9.html]
[demo.muvikoscript.com/themes/flixer/assets/tel-input/css/index5851.html]
[demo.muvikoscript.com/themes/flixer/assets/tel-input/css/indexad3f.html]
[demo.muvikoscript.com/themes/flixer/assets/tel-input/img/indexb70a.html]
[demo.muvikoscript.com/themes/flixer/assets/tel-input/img/index72c9.html]
[demo.muvikoscript.com/themes/flixer/assets/tel-input/img/index5851.html]
[demo.muvikoscript.com/themes/flixer/assets/tel-input/img/indexad3f.html]
[demo.muvikoscript.com/themes/flixer/assets/tel-input/js/indexb70a.html]
[demo.muvikoscript.com/themes/flixer/assets/tel-input/js/index72c9.html]
[demo.muvikoscript.com/themes/flixer/assets/tel-input/js/index5851.html]
[demo.muvikoscript.com/themes/flixer/assets/tel-input/js/indexad3f.html]
[demo.muvikoscript.com/themes/vixen/assets/bootstrap3/indexb70a.html]
[demo.muvikoscript.com/themes/vixen/assets/bootstrap3/index72c9.html]
[demo.muvikoscript.com/themes/vixen/assets/bootstrap3/index5851.html]
[demo.muvikoscript.com/themes/vixen/assets/bootstrap3/indexad3f.html]
[demo.muvikoscript.com/themes/vixen/assets/bootstrap3/css/indexc052.html]
[demo.muvikoscript.com/themes/vixen/assets/bootstrap3/css/indexf8a0.html]
[demo.muvikoscript.com/themes/vixen/assets/bootstrap3/css/indexbfec.html]
[demo.muvikoscript.com/themes/vixen/assets/bootstrap3/css/index30b5.html]
[demo.muvikoscript.com/themes/vixen/assets/bootstrap3/css/bootstrap.css]
[demo.muvikoscript.com/themes/vixen/assets/bootstrap3/js/indexc052.html]
[demo.muvikoscript.com/themes/vixen/assets/bootstrap3/js/indexf8a0.html]
[demo.muvikoscript.com/themes/vixen/assets/bootstrap3/js/indexbfec.html]
[demo.muvikoscript.com/themes/vixen/assets/bootstrap3/js/index30b5.html]
[demo.muvikoscript.com/themes/vixen/assets/css/indexb70a.html]
[demo.muvikoscript.com/themes/vixen/assets/css/index72c9.html]
[demo.muvikoscript.com/themes/vixen/assets/css/index5851.html]
[demo.muvikoscript.com/themes/vixen/assets/css/indexad3f.html]
[demo.muvikoscript.com/themes/vixen/assets/css/chosen-sprite.html]
[demo.muvikoscript.com/themes/vixen/assets/css/chosen-sprite@2x.html]
[demo.muvikoscript.com/themes/vixen/assets/paper_img/landscape.html]
[demo.muvikoscript.com/themes/vixen/assets/css/images/indexc052.html]
[demo.muvikoscript.com/themes/vixen/assets/css/images/indexf8a0.html]
[demo.muvikoscript.com/themes/vixen/assets/css/images/indexbfec.html]
[demo.muvikoscript.com/themes/vixen/assets/css/images/index30b5.html]
[demo.muvikoscript.com/themes/vixen/assets/images/ie-spacer.html]
[demo.muvikoscript.com/themes/vixen/assets/images/gritter.html]
[demo.muvikoscript.com/themes/vixen/assets/images/gritter-light.html]
[demo.muvikoscript.com/themes/vixen/assets/css/mCSB_buttons.html]
[demo.muvikoscript.com/themes/vixen/assets/css/grabbing.html]
[demo.muvikoscript.com/themes/vixen/assets/img/mask.html]
[demo.muvikoscript.com/themes/vixen/assets/img/photo_swipe/default-skin.html]
[demo.muvikoscript.com/themes/vixen/assets/img/photo_swipe/default-skin-2.html]
[demo.muvikoscript.com/themes/vixen/assets/img/photo_swipe/preloader.html]
[demo.muvikoscript.com/themes/vixen/assets/fonts/themify9f24.svg]
[demo.muvikoscript.com/themes/vixen/assets/fonts/indexb70a.html]
[demo.muvikoscript.com/themes/vixen/assets/fonts/index72c9.html]
[demo.muvikoscript.com/themes/vixen/assets/fonts/index5851.html]
[demo.muvikoscript.com/themes/vixen/assets/fonts/indexad3f.html]
[demo.muvikoscript.com/themes/vixen/assets/images/indexb70a.html]
[demo.muvikoscript.com/themes/vixen/assets/images/index72c9.html]
[demo.muvikoscript.com/themes/vixen/assets/images/index5851.html]
[demo.muvikoscript.com/themes/vixen/assets/images/indexad3f.html]
[demo.muvikoscript.com/themes/vixen/assets/images/avatars/indexc052.html]
[demo.muvikoscript.com/themes/vixen/assets/images/avatars/indexf8a0.html]
[demo.muvikoscript.com/themes/vixen/assets/images/avatars/indexbfec.html]
[demo.muvikoscript.com/themes/vixen/assets/images/avatars/index30b5.html]
[demo.muvikoscript.com/themes/vixen/assets/js/indexb70a.html]
[demo.muvikoscript.com/themes/vixen/assets/js/index72c9.html]
[demo.muvikoscript.com/themes/vixen/assets/js/index5851.html]
[demo.muvikoscript.com/themes/vixen/assets/js/indexad3f.html]
[demo.muvikoscript.com/themes/vixen/assets/jwplayer/indexb70a.html]
[demo.muvikoscript.com/themes/vixen/assets/jwplayer/index72c9.html]
[demo.muvikoscript.com/themes/vixen/assets/jwplayer/index5851.html]
[demo.muvikoscript.com/themes/vixen/assets/jwplayer/indexad3f.html]
[demo.muvikoscript.com/themes/vixen/assets/jwplayer/skins/indexc052.html]
[demo.muvikoscript.com/themes/vixen/assets/jwplayer/skins/indexf8a0.html]
[demo.muvikoscript.com/themes/vixen/assets/jwplayer/skins/indexbfec.html]
[demo.muvikoscript.com/themes/vixen/assets/jwplayer/skins/index30b5.html]
[demo.muvikoscript.com/themes/vixen/assets/jwplayer/skins/beelden.css]
[demo.muvikoscript.com/themes/vixen/assets/jwplayer/skins/bekle.css]
[demo.muvikoscript.com/themes/vixen/assets/jwplayer/skins/five.css]
[demo.muvikoscript.com/themes/vixen/assets/jwplayer/skins/glow.css]
[demo.muvikoscript.com/themes/vixen/assets/jwplayer/skins/roundster.css]
[demo.muvikoscript.com/themes/vixen/assets/jwplayer/skins/seven.css]
[demo.muvikoscript.com/themes/vixen/assets/jwplayer/skins/six.css]
[demo.muvikoscript.com/themes/vixen/assets/jwplayer/skins/stormtrooper.css]
[demo.muvikoscript.com/themes/vixen/assets/jwplayer/skins/vapor.css]
[demo.muvikoscript.com/themes/vixen/assets/old/indexb70a.html]
[demo.muvikoscript.com/themes/vixen/assets/old/index72c9.html]
[demo.muvikoscript.com/themes/vixen/assets/old/index5851.html]
[demo.muvikoscript.com/themes/vixen/assets/old/indexad3f.html]
[demo.muvikoscript.com/themes/vixen/assets/old/images/indexc052.html]
[demo.muvikoscript.com/themes/vixen/assets/old/images/indexf8a0.html]
[demo.muvikoscript.com/themes/vixen/assets/old/images/indexbfec.html]
[demo.muvikoscript.com/themes/vixen/assets/old/images/index30b5.html]
[demo.muvikoscript.com/themes/vixen/assets/old/images/avatars/3.png]
[demo.muvikoscript.com/themes/vixen/assets/old/images/avatars/4.png]
[demo.muvikoscript.com/themes/vixen/assets/old/images/avatars/7.png]
[demo.muvikoscript.com/themes/vixen/assets/old/images/avatars/index.html]
[demo.muvikoscript.com/themes/vixen/assets/old/images/header.html]
[demo.muvikoscript.com/themes/vixen/assets/tel-input/indexb70a.html]
[demo.muvikoscript.com/themes/vixen/assets/tel-input/index72c9.html]
[demo.muvikoscript.com/themes/vixen/assets/tel-input/index5851.html]
[demo.muvikoscript.com/themes/vixen/assets/tel-input/indexad3f.html]
[demo.muvikoscript.com/themes/vixen/assets/tel-input/css/indexc052.html]
[demo.muvikoscript.com/themes/vixen/assets/tel-input/css/indexf8a0.html]
[demo.muvikoscript.com/themes/vixen/assets/tel-input/css/indexbfec.html]
[demo.muvikoscript.com/themes/vixen/assets/tel-input/css/index30b5.html]
[demo.muvikoscript.com/themes/vixen/assets/tel-input/css/intlTelInput.css]
[demo.muvikoscript.com/themes/vixen/assets/tel-input/img/indexc052.html]
[demo.muvikoscript.com/themes/vixen/assets/tel-input/img/indexf8a0.html]
[demo.muvikoscript.com/themes/vixen/assets/tel-input/img/indexbfec.html]
[demo.muvikoscript.com/themes/vixen/assets/tel-input/img/index30b5.html]
[demo.muvikoscript.com/themes/vixen/assets/tel-input/js/indexc052.html]
[demo.muvikoscript.com/themes/vixen/assets/tel-input/js/indexf8a0.html]
[demo.muvikoscript.com/themes/vixen/assets/tel-input/js/indexbfec.html]
[demo.muvikoscript.com/themes/vixen/assets/tel-input/js/index30b5.html]
[demo.muvikoscript.com/themes/vixen/inc/bottom.html]
[demo.muvikoscript.com/themes/vixen/inc/top.html]
[demo.muvikoscript.com/themes/flixer/assets/images/avatars/fsd/indexb70a.html]
[demo.muvikoscript.com/themes/flixer/assets/images/avatars/fsd/index72c9.html]
[demo.muvikoscript.com/themes/flixer/assets/images/avatars/fsd/index5851.html]
[demo.muvikoscript.com/themes/flixer/assets/images/avatars/fsd/indexad3f.html]
[demo.muvikoscript.com/themes/vixen/assets/bootstrap3/css/indexb70a.html]
[demo.muvikoscript.com/themes/vixen/assets/bootstrap3/css/index72c9.html]
[demo.muvikoscript.com/themes/vixen/assets/bootstrap3/css/index5851.html]
[demo.muvikoscript.com/themes/vixen/assets/bootstrap3/css/indexad3f.html]
[demo.muvikoscript.com/themes/vixen/assets/bootstrap3/fonts/glyphicons-halflings-regular.html]
[demo.muvikoscript.com/themes/vixen/assets/bootstrap3/fonts/glyphicons-halflings-regulard41d.html]
[demo.muvikoscript.com/themes/vixen/assets/bootstrap3/fonts/glyphicons-halflings-regular-2.html]
[demo.muvikoscript.com/themes/vixen/assets/bootstrap3/fonts/glyphicons-halflings-regular-3.html]
[demo.muvikoscript.com/themes/vixen/assets/bootstrap3/fonts/glyphicons-halflings-regular-4.html]
[demo.muvikoscript.com/themes/vixen/assets/bootstrap3/fonts/glyphicons-halflings-regular-5.html]
[demo.muvikoscript.com/themes/vixen/assets/bootstrap3/js/indexb70a.html]
[demo.muvikoscript.com/themes/vixen/assets/bootstrap3/js/index72c9.html]
[demo.muvikoscript.com/themes/vixen/assets/bootstrap3/js/index5851.html]
[demo.muvikoscript.com/themes/vixen/assets/bootstrap3/js/indexad3f.html]
[demo.muvikoscript.com/themes/vixen/assets/css/images/indexb70a.html]
[demo.muvikoscript.com/themes/vixen/assets/css/images/index72c9.html]
[demo.muvikoscript.com/themes/vixen/assets/css/images/index5851.html]
[demo.muvikoscript.com/themes/vixen/assets/css/images/indexad3f.html]
[demo.muvikoscript.com/themes/vixen/assets/images/avatars/indexb70a.html]
[demo.muvikoscript.com/themes/vixen/assets/images/avatars/index72c9.html]
[demo.muvikoscript.com/themes/vixen/assets/images/avatars/index5851.html]
[demo.muvikoscript.com/themes/vixen/assets/images/avatars/indexad3f.html]
[demo.muvikoscript.com/themes/vixen/assets/jwplayer/skins/indexb70a.html]
[demo.muvikoscript.com/themes/vixen/assets/jwplayer/skins/index72c9.html]
[demo.muvikoscript.com/themes/vixen/assets/jwplayer/skins/index5851.html]
[demo.muvikoscript.com/themes/vixen/assets/jwplayer/skins/indexad3f.html]
[demo.muvikoscript.com/themes/vixen/assets/old/images/indexb70a.html]
[demo.muvikoscript.com/themes/vixen/assets/old/images/index72c9.html]
[demo.muvikoscript.com/themes/vixen/assets/old/images/index5851.html]
[demo.muvikoscript.com/themes/vixen/assets/old/images/indexad3f.html]
[demo.muvikoscript.com/themes/vixen/assets/old/images/avatars/indexc052.html]
[demo.muvikoscript.com/themes/vixen/assets/old/images/avatars/indexf8a0.html]
[demo.muvikoscript.com/themes/vixen/assets/old/images/avatars/indexbfec.html]
[demo.muvikoscript.com/themes/vixen/assets/old/images/avatars/index30b5.html]
[demo.muvikoscript.com/themes/vixen/assets/old/images/avatars/1.html]
[demo.muvikoscript.com/themes/vixen/assets/old/images/avatars/2.html]
[demo.muvikoscript.com/themes/vixen/assets/old/images/avatars/5.html]
[demo.muvikoscript.com/themes/vixen/assets/old/images/avatars/6.html]
[demo.muvikoscript.com/themes/vixen/assets/old/images/avatars/8.html]
[demo.muvikoscript.com/themes/vixen/assets/old/images/avatars/9.html]
[demo.muvikoscript.com/themes/vixen/assets/tel-input/css/indexb70a.html]
[demo.muvikoscript.com/themes/vixen/assets/tel-input/css/index72c9.html]
[demo.muvikoscript.com/themes/vixen/assets/tel-input/css/index5851.html]
[demo.muvikoscript.com/themes/vixen/assets/tel-input/css/indexad3f.html]
[demo.muvikoscript.com/themes/vixen/assets/tel-input/img/indexb70a.html]
[demo.muvikoscript.com/themes/vixen/assets/tel-input/img/index72c9.html]
[demo.muvikoscript.com/themes/vixen/assets/tel-input/img/index5851.html]
[demo.muvikoscript.com/themes/vixen/assets/tel-input/img/indexad3f.html]
[demo.muvikoscript.com/themes/vixen/assets/tel-input/js/indexb70a.html]
[demo.muvikoscript.com/themes/vixen/assets/tel-input/js/index72c9.html]
[demo.muvikoscript.com/themes/vixen/assets/tel-input/js/index5851.html]
[demo.muvikoscript.com/themes/vixen/assets/tel-input/js/indexad3f.html]
[demo.muvikoscript.com/themes/vixen/assets/old/images/avatars/indexb70a.html]
[demo.muvikoscript.com/themes/vixen/assets/old/images/avatars/index72c9.html]
[demo.muvikoscript.com/themes/vixen/assets/old/images/avatars/index5851.html]
[demo.muvikoscript.com/themes/vixen/assets/old/images/avatars/indexad3f.html]
