[new.uouapps.com/hostly/index.html]
[backblue.gif]
[fade.gif]
[index.html]
[new.uouapps.com/hostly/css/bootstrap.min.css]
[new.uouapps.com/hostly/css/font-awesome.min.css]
[new.uouapps.com/hostly/css/ionicons.min.css]
[new.uouapps.com/hostly/css/main.css]
[new.uouapps.com/hostly/css/style.css]
[new.uouapps.com/hostly/css/responsive.css]
[new.uouapps.com/hostly/js/modernizr.js]
[new.uouapps.com/hostly/index-2.html]
[new.uouapps.com/hostly/images/logo.png]
[new.uouapps.com/hostly/services.html]
[new.uouapps.com/hostly/step_1.html]
[new.uouapps.com/hostly/step_2.html]
[new.uouapps.com/hostly/step_3.html]
[new.uouapps.com/hostly/step_4.html]
[new.uouapps.com/hostly/blog-list.html]
[new.uouapps.com/hostly/pricing.html]
[new.uouapps.com/hostly/testimonials.html]
[new.uouapps.com/hostly/contact-us.html]
[new.uouapps.com/hostly/images/logo-light.png]
[new.uouapps.com/hostly/images/testi-avatar.jpg]
[new.uouapps.com/hostly/images/logo-foot.png]
[new.uouapps.com/hostly/images/card-icons.png]
[new.uouapps.com/hostly/js/own-menu.js]
[new.uouapps.com/hostly/js/bootstrap.min.js]
[new.uouapps.com/hostly/js/jquery.min.js]
[new.uouapps.com/hostly/js/main.js]
[new.uouapps.com/hostly/index.html]
[new.uouapps.com/hostly/fonts/glyphicons-halflings-regular.eot]
[new.uouapps.com/hostly/js/owl.carousel.min.js]
[new.uouapps.com/hostly/fonts/glyphicons-halflings-regulard41d.eot]
[new.uouapps.com/hostly/fonts/glyphicons-halflings-regular.woff]
[new.uouapps.com/hostly/fonts/glyphicons-halflings-regular.ttf]
[new.uouapps.com/hostly/css/bootstrap.min.css]
[new.uouapps.com/hostly/fonts/fontawesome-webfont5b62.eot]
[new.uouapps.com/hostly/fonts/fontawesome-webfontd41d.eot]
[new.uouapps.com/hostly/fonts/fontawesome-webfont5b62.woff]
[new.uouapps.com/hostly/fonts/fontawesome-webfont5b62.ttf]
[new.uouapps.com/hostly/css/font-awesome.min.css]
[new.uouapps.com/hostly/fonts/ionicons28b5.eot]
[new.uouapps.com/hostly/fonts/ionicons28b5.ttf]
[new.uouapps.com/hostly/fonts/ionicons28b5.woff]
[new.uouapps.com/hostly/fonts/et-line.eot]
[new.uouapps.com/hostly/fonts/et-line.woff]
[new.uouapps.com/hostly/fonts/et-lined41d.eot]
[new.uouapps.com/hostly/fonts/et-line.ttf]
[new.uouapps.com/hostly/fonts/Simple-Line-Icons.eot]
[new.uouapps.com/hostly/fonts/Simple-Line-Icons.woff]
[new.uouapps.com/hostly/fonts/Simple-Line-Iconsd41d.eot]
[new.uouapps.com/hostly/fonts/Simple-Line-Icons.ttf]
[new.uouapps.com/hostly/fonts/Linearicons-Free54e9.eot]
[new.uouapps.com/hostly/fonts/Linearicons-Freed41d.eot]
[new.uouapps.com/hostly/fonts/Linearicons-Free54e9.woff]
[new.uouapps.com/hostly/fonts/Linearicons-Free54e9.ttf]
[new.uouapps.com/hostly/css/ionicons.min.css]
[new.uouapps.com/hostly/css/main.css]
[new.uouapps.com/hostly/images/sub-bnr-img.jpg]
[new.uouapps.com/hostly/images/sub-bnr-img-1.jpg]
[new.uouapps.com/hostly/images/img-small-brn.jpg]
[new.uouapps.com/hostly/images/bg-img.jpg]
[new.uouapps.com/hostly/images/testi-bg.jpg]
[new.uouapps.com/hostly/images/tri-promo-bottom-white.png]
[new.uouapps.com/hostly/images/tri-promo-bottom-rights.png]
[new.uouapps.com/hostly/css/style.css]
[new.uouapps.com/hostly/css/responsive.css]
[new.uouapps.com/hostly/index-2.html]
[new.uouapps.com/hostly/services.html]
[new.uouapps.com/hostly/step_1.html]
[new.uouapps.com/hostly/step_2.html]
[new.uouapps.com/hostly/step_3.html]
[new.uouapps.com/hostly/js/map.js]
[new.uouapps.com/hostly/step_4.html]
[new.uouapps.com/hostly/images/blog-img-1.jpg]
[new.uouapps.com/hostly/images/blog-img-2.jpg]
[new.uouapps.com/hostly/images/blog-img-3.jpg]
[new.uouapps.com/hostly/images/r-post-img.jpg]
[new.uouapps.com/hostly/images/r-post-img-1.jpg]
[new.uouapps.com/hostly/images/r-post-img-2.jpg]
[new.uouapps.com/hostly/blog-list.html]
[new.uouapps.com/hostly/pricing.html]
[new.uouapps.com/hostly/testimonials.html]
[new.uouapps.com/hostly/contact-us.html]
[new.uouapps.com/hostly/fonts/glyphicons-halflings-regular.html]
[new.uouapps.com/hostly/fonts/glyphicons-halflings-regular.svg]
[new.uouapps.com/hostly/fonts/fontawesome-webfont5b62.html]
[new.uouapps.com/hostly/fonts/fontawesome-webfont5b62.svg]
[new.uouapps.com/hostly/fonts/ionicons28b5.svg]
[new.uouapps.com/hostly/fonts/et-line.svg]
[new.uouapps.com/hostly/fonts/Simple-Line-Icons.svg]
[new.uouapps.com/hostly/fonts/Linearicons-Free54e9.html]
[new.uouapps.com/hostly/fonts/Linearicons-Free54e9.svg]
[new.uouapps.com/hostly/img/cbp-sprite.html]
[new.uouapps.com/hostly/images/controls.html]
[new.uouapps.com/hostly/css/images/plus.html]
[new.uouapps.com/hostly/css/images/social/delicious.html]
[new.uouapps.com/hostly/css/images/social/digg.html]
[new.uouapps.com/hostly/css/images/social/dribble.html]
[new.uouapps.com/hostly/css/images/social/ember.html]
[new.uouapps.com/hostly/css/images/social/facebook.html]
[new.uouapps.com/hostly/css/images/social/flickr.html]
[new.uouapps.com/hostly/css/images/social/forrst.html]
[new.uouapps.com/hostly/css/images/social/google.html]
[new.uouapps.com/hostly/css/images/social/last_fm.html]
[new.uouapps.com/hostly/css/images/social/linkedin.html]
[new.uouapps.com/hostly/css/images/social/my_space.html]
[new.uouapps.com/hostly/css/images/social/quora.html]
[new.uouapps.com/hostly/css/images/social/rss.html]
[new.uouapps.com/hostly/css/images/social/sharethis.html]
[new.uouapps.com/hostly/css/images/social/skype.html]
[new.uouapps.com/hostly/css/images/social/stumbleupon.html]
[new.uouapps.com/hostly/css/images/social/tumblr.html]
[new.uouapps.com/hostly/css/images/social/twitter.html]
[new.uouapps.com/hostly/css/images/social/vimeo.html]
[new.uouapps.com/hostly/css/images/social/you_tube.html]
[new.uouapps.com/hostly/css/images/controls@2x.html]
[new.uouapps.com/hostly/images/sub-bnr-bg.html]
[new.uouapps.com/hostly/images/bg-img.jpg]
