[atlanta.sensationthemes.com/splash.html]
[backblue.gif]
[fade.gif]
[index.html]
[atlanta.sensationthemes.com/css/normalize.css]
[atlanta.sensationthemes.com/css/framework.css]
[atlanta.sensationthemes.com/css/styles.css]
[atlanta.sensationthemes.com/js/webfont.js]
[atlanta.sensationthemes.com/js/modernizr.js]
[atlanta.sensationthemes.com/images/favico.ico]
[atlanta.sensationthemes.com/css/ionicons.min.css]
[atlanta.sensationthemes.com/js/scripts.js]
[atlanta.sensationthemes.com/splash.html]
[atlanta.sensationthemes.com/css/normalize.css]
[atlanta.sensationthemes.com/css/framework.css]
[atlanta.sensationthemes.com/images/photo-1416949929422-a1d9c8fe84af.jpg]
[atlanta.sensationthemes.com/js/framework.js]
[atlanta.sensationthemes.com/js/jquery.min.js]
[atlanta.sensationthemes.com/images/photo-1422036306541-00138cae4dbc.jpg]
[atlanta.sensationthemes.com/images/photo-1433785567155-bf5530cab72c.jpg]
[atlanta.sensationthemes.com/images/logo.png]
[atlanta.sensationthemes.com/images/photo-1428948304740-392e214d312f (1.html]
[atlanta.sensationthemes.com/images/8S64npOgTu2eWTZIXEfy_DSC_0955.jpg]
[atlanta.sensationthemes.com/images/photo-1422479516648-9b1f0b6e8da8.jpg]
[atlanta.sensationthemes.com/images/photo-1437422061949-f6efbde0a471.jpg]
[atlanta.sensationthemes.com/images/nomad.jpg]
[atlanta.sensationthemes.com/css/styles.css]
[atlanta.sensationthemes.com/fonts/ionicons790f.eot]
[atlanta.sensationthemes.com/fonts/ionicons790f.ttf]
[atlanta.sensationthemes.com/fonts/ionicons790f.woff]
[atlanta.sensationthemes.com/css/ionicons.min.css]
[atlanta.sensationthemes.com/images/js/webfont.html]
[atlanta.sensationthemes.com/index.html]
[atlanta.sensationthemes.com/images/images/logo.html]
[www.google-analytics.com/analytics.js]
[atlanta.sensationthemes.com/images/images/iphone.html]
[atlanta.sensationthemes.com/images/images/qrcode.html]
[atlanta.sensationthemes.com/images/photo-1428948304740-392e214d312f (1.html]
[atlanta.sensationthemes.com/images/splash.html]
[atlanta.sensationthemes.com/fonts/ionicons790f.svg]
[atlanta.sensationthemes.com/images/logo.html]
[atlanta.sensationthemes.com/images/iphone.png]
[atlanta.sensationthemes.com/images/qrcode.jpg]
[atlanta.sensationthemes.com/index.html]
[atlanta.sensationthemes.com/images/js/js/webfont.html]
[atlanta.sensationthemes.com/images/js/images/logo.html]
[atlanta.sensationthemes.com/images/js/images/iphone.html]
[atlanta.sensationthemes.com/images/js/images/qrcode.html]
[atlanta.sensationthemes.com/images/js/webfont.html]
[atlanta.sensationthemes.com/images/js/splash.html]
[atlanta.sensationthemes.com/images/images/js/webfont.html]
[atlanta.sensationthemes.com/images/images/images/logo.html]
[atlanta.sensationthemes.com/images/images/images/iphone.html]
[atlanta.sensationthemes.com/images/images/images/qrcode.html]
[atlanta.sensationthemes.com/images/images/logo.html]
[atlanta.sensationthemes.com/images/images/iphone.html]
[atlanta.sensationthemes.com/images/images/qrcode.html]
[atlanta.sensationthemes.com/images/splash.html]
[atlanta.sensationthemes.com/images/logo.html]
[atlanta.sensationthemes.com/images/images/splash.html]
[atlanta.sensationthemes.com/images/js/js/js/webfont.html]
[atlanta.sensationthemes.com/images/js/js/images/logo.html]
[atlanta.sensationthemes.com/images/js/js/images/iphone.html]
[atlanta.sensationthemes.com/images/js/js/images/qrcode.html]
[atlanta.sensationthemes.com/images/js/js/webfont.html]
[atlanta.sensationthemes.com/images/js/js/splash.html]
[atlanta.sensationthemes.com/images/js/images/js/webfont.html]
[atlanta.sensationthemes.com/images/js/images/images/logo.html]
[atlanta.sensationthemes.com/images/js/images/images/iphone.html]
[atlanta.sensationthemes.com/images/js/images/images/qrcode.html]
[atlanta.sensationthemes.com/images/js/images/logo.html]
[atlanta.sensationthemes.com/images/js/images/iphone.html]
[atlanta.sensationthemes.com/images/js/images/qrcode.html]
[atlanta.sensationthemes.com/images/js/splash.html]
[atlanta.sensationthemes.com/images/js/images/splash.html]
[atlanta.sensationthemes.com/images/images/js/js/webfont.html]
[atlanta.sensationthemes.com/images/images/js/images/logo.html]
[atlanta.sensationthemes.com/images/images/js/images/iphone.html]
[atlanta.sensationthemes.com/images/images/js/images/qrcode.html]
[atlanta.sensationthemes.com/images/images/js/webfont.html]
[atlanta.sensationthemes.com/images/images/js/splash.html]
[atlanta.sensationthemes.com/images/images/images/js/webfont.html]
[atlanta.sensationthemes.com/images/images/images/images/logo.html]
[atlanta.sensationthemes.com/images/images/images/images/iphone.html]
[atlanta.sensationthemes.com/images/images/images/images/qrcode.html]
[atlanta.sensationthemes.com/images/images/images/logo.html]
[atlanta.sensationthemes.com/images/images/images/iphone.html]
[atlanta.sensationthemes.com/images/images/images/qrcode.html]
[atlanta.sensationthemes.com/images/images/splash.html]
[atlanta.sensationthemes.com/images/js/js/js/webfont.html]
[atlanta.sensationthemes.com/images/js/js/images/logo.html]
[atlanta.sensationthemes.com/images/js/js/images/iphone.html]
[atlanta.sensationthemes.com/images/js/js/images/qrcode.html]
[atlanta.sensationthemes.com/images/js/js/splash.html]
[atlanta.sensationthemes.com/images/js/images/js/webfont.html]
[atlanta.sensationthemes.com/images/js/images/images/logo.html]
[atlanta.sensationthemes.com/images/js/images/images/iphone.html]
[atlanta.sensationthemes.com/images/js/images/images/qrcode.html]
[atlanta.sensationthemes.com/images/js/images/splash.html]
[atlanta.sensationthemes.com/images/images/js/js/webfont.html]
[atlanta.sensationthemes.com/images/images/js/images/logo.html]
[atlanta.sensationthemes.com/images/images/js/images/iphone.html]
[atlanta.sensationthemes.com/images/images/js/images/qrcode.html]
[atlanta.sensationthemes.com/images/images/js/splash.html]
[atlanta.sensationthemes.com/images/images/images/js/webfont.html]
[atlanta.sensationthemes.com/images/images/images/images/logo.html]
[atlanta.sensationthemes.com/images/images/images/images/iphone.html]
[atlanta.sensationthemes.com/images/images/images/images/qrcode.html]
[atlanta.sensationthemes.com/images/images/images/splash.html]
[atlanta.sensationthemes.com/images/images/images/splash.html]
