[alexdevero.com/demos/template--trinity/index.html]
[backblue.gif]
[fade.gif]
[index.html]
[alexdevero.com/demos/template--trinity/apple-touch-icon-57x57.png]
[alexdevero.com/demos/template--trinity/apple-touch-icon-60x60.png]
[alexdevero.com/demos/template--trinity/apple-touch-icon-72x72.png]
[alexdevero.com/demos/template--trinity/apple-touch-icon-76x76.png]
[alexdevero.com/demos/template--trinity/apple-touch-icon-114x114.png]
[alexdevero.com/demos/template--trinity/apple-touch-icon-120x120.png]
[alexdevero.com/demos/template--trinity/apple-touch-icon-144x144.png]
[alexdevero.com/demos/template--trinity/apple-touch-icon-152x152.png]
[alexdevero.com/demos/template--trinity/apple-touch-icon-180x180.png]
[alexdevero.com/demos/template--trinity/favicon-32x32.png]
[alexdevero.com/demos/template--trinity/favicon-194x194.png]
[alexdevero.com/demos/template--trinity/favicon-96x96.png]
[alexdevero.com/demos/template--trinity/android-chrome-192x192.png]
[alexdevero.com/demos/template--trinity/favicon-16x16.png]
[alexdevero.com/demos/template--trinity/manifest.json]
[alexdevero.com/demos/template--trinity/mstile-144x144.png]
[cdnjs.cloudflare.com/ajax/libs/font-awesome/4.4.0/css/font-awesome.min.css]
[alexdevero.com/demos/template--trinity/styles/main.min.css]
[alexdevero.com/demos/template--trinity/index-2.html]
[alexdevero.com/demos/template--trinity/images/iphone-mockup--silver.png]
[alexdevero.com/demos/template--trinity/images/iphone-mockup--spacegrey.png]
[alexdevero.com/demos/template--trinity/images/iphone-mockup--gold.png]
[alexdevero.com/demos/template--trinity/images/apple-watch-mockup.png]
[alexdevero.com/demos/template--trinity/images/safari-yosemite-mockup.png]
[alexdevero.com/demos/template--trinity/images/avatar--jeremy.jpg]
[alexdevero.com/demos/template--trinity/images/avatar--susan.jpg]
[alexdevero.com/demos/template--trinity/images/avatar--john.jpg]
[alexdevero.com/demos/template--trinity/js/jquery.lazyload.v1.9.1.js]
[www.google-analytics.com/analytics.js]
[alexdevero.com/demos/template--trinity/index.html]
[cdnjs.cloudflare.com/ajax/libs/font-awesome/4.4.0/css/font-awesome.min.css]
[alexdevero.com/demos/template--trinity/images/hero.jpg]
[alexdevero.com/demos/template--trinity/js/vendor/jquery-1.11.3.min.js]
[alexdevero.com/demos/template--trinity/images/hero--@2.jpg]
[alexdevero.com/demos/template--trinity/images/insert--cta.jpg]
[alexdevero.com/demos/template--trinity/images/insert--cta--@2.jpg]
[alexdevero.com/demos/template--trinity/styles/main.min.css]
[alexdevero.com/demos/template--trinity/index-2.html]
