[xioyuna.com/nella/template/index.html]
[backblue.gif]
[fade.gif]
[index.html]
[xioyuna.com/nella/template/css/framework7.ios.min.css]
[xioyuna.com/nella/template/css/framework7.ios.colors.min.css]
[xioyuna.com/nella/template/css/ionicons.css]
[xioyuna.com/nella/template/css/fontello.css]
[xioyuna.com/nella/template/css/style.css]
[xioyuna.com/nella/template/img/logo.png]
[xioyuna.com/nella/template/post.html]
[xioyuna.com/nella/template/img/thumbnails/image1.jpg]
[xioyuna.com/nella/template/img/thumbnails/image2.jpg]
[xioyuna.com/nella/template/img/thumbnails/image3.jpg]
[xioyuna.com/nella/template/img/thumbnails/image4.jpg]
[xioyuna.com/nella/template/img/thumbnails/image5.jpg]
[xioyuna.com/nella/template/img/thumbnails/image6.jpg]
[xioyuna.com/nella/template/img/thumbnails/image7.jpg]
[xioyuna.com/nella/template/img/thumbnails/image8.jpg]
[xioyuna.com/nella/template/img/thumbnails/image9.jpg]
[xioyuna.com/nella/template/img/thumbnails/image10.jpg]
[xioyuna.com/nella/template/img/banner.jpg]
[xioyuna.com/nella/template/img/avatar.jpg]
[xioyuna.com/nella/template/index.html]
[xioyuna.com/nella/template/js/app.js]
[xioyuna.com/nella/template/img/i-f7-ios.16.delayed]
[xioyuna.com/nella/template/img/i-form-name-ios.17.delayed]
[xioyuna.com/nella/template/img/i-form-password-ios.18.delayed]
[xioyuna.com/nella/template/img/i-form-email-ios.19.delayed]
[xioyuna.com/nella/template/img/i-form-calendar-ios.1a.delayed]
[xioyuna.com/nella/template/img/i-form-tel-ios.1b.delayed]
[xioyuna.com/nella/template/img/i-form-gender-ios.1c.delayed]
[xioyuna.com/nella/template/img/i-form-toggle-ios.1d.delayed]
[xioyuna.com/nella/template/img/i-form-comment-ios.1e.delayed]
[xioyuna.com/nella/template/img/i-form-settings-ios.1f.delayed]
[xioyuna.com/nella/template/img/i-form-url-ios.20.delayed]
[xioyuna.com/nella/template/css/framework7.ios.min.css]
[xioyuna.com/nella/template/css/framework7.ios.colors.min.css]
[xioyuna.com/nella/template/js/framework7.min.js]
[xioyuna.com/nella/template/fonts/ionicons28b5.eot]
[xioyuna.com/nella/template/fonts/ionicons28b5.ttf]
[xioyuna.com/nella/template/fonts/ionicons28b5.woff]
[xioyuna.com/nella/template/css/ionicons.css]
[xioyuna.com/nella/template/fonts/fontello.eot]
[xioyuna.com/nella/template/fonts/fontello.woff1]
[xioyuna.com/nella/template/fonts/fontello.woff]
[xioyuna.com/nella/template/fonts/fontello.ttf]
[xioyuna.com/nella/template/css/fontello.css]
[xioyuna.com/nella/template/fonts/Helvetica-Regular.otf]
[xioyuna.com/nella/template/fonts/Montserrat-Light.otf]
[xioyuna.com/nella/template/fonts/Montserrat-Regular.ttf]
[xioyuna.com/nella/template/fonts/Montserrat-SemiBold.otf]
[xioyuna.com/nella/template/img/search-icon.png]
[xioyuna.com/nella/template/css/style.css]
[xioyuna.com/nella/template/img/thumbnails/image14.jpg]
[xioyuna.com/nella/template/post.html]
[xioyuna.com/nella/template/img/i-f7-ios.html]
[xioyuna.com/nella/template/img/i-form-name-ios.html]
[xioyuna.com/nella/template/img/i-form-password-ios.html]
[xioyuna.com/nella/template/img/i-form-email-ios.html]
[xioyuna.com/nella/template/img/i-form-calendar-ios.html]
[xioyuna.com/nella/template/img/i-form-tel-ios.html]
[xioyuna.com/nella/template/img/i-form-gender-ios.html]
[xioyuna.com/nella/template/img/i-form-toggle-ios.html]
[xioyuna.com/nella/template/img/i-form-comment-ios.html]
[xioyuna.com/nella/template/img/i-form-settings-ios.html]
[xioyuna.com/nella/template/img/i-form-url-ios.html]
[xioyuna.com/nella/template/fonts/ionicons28b5.svg]
[xioyuna.com/nella/template/fonts/fontello.svg]
