[templates.scriptsbundle.com/whitehat/index.html]
[backblue.gif]
[fade.gif]
[index.html]
[templates.scriptsbundle.com/whitehat/images/favicon.ico]
[templates.scriptsbundle.com/whitehat/css/bootstrap.css]
[templates.scriptsbundle.com/whitehat/css/select2.min.css]
[templates.scriptsbundle.com/whitehat/css/megamenu.css]
[templates.scriptsbundle.com/whitehat/css/animate.min.css]
[templates.scriptsbundle.com/whitehat/css/owl.carousel.css]
[templates.scriptsbundle.com/whitehat/css/owl.style.css]
[templates.scriptsbundle.com/whitehat/css/magnific-popup.css]
[templates.scriptsbundle.com/whitehat/css/style.css]
[templates.scriptsbundle.com/whitehat/css/font-awesome.min.css]
[templates.scriptsbundle.com/whitehat/css/themify-icons.css]
[templates.scriptsbundle.com/whitehat/fonts/seo-and-marketing/flaticon.css]
[templates.scriptsbundle.com/whitehat/fonts/seo-icons/flaticon.css]
[templates.scriptsbundle.com/whitehat/masterslider/css/masterslider.css]
[templates.scriptsbundle.com/whitehat/masterslider/css/style.css]
[templates.scriptsbundle.com/whitehat/masterslider/css/layer-style.css]
[templates.scriptsbundle.com/whitehat/masterslider/css/ms-staff-style.css]
[templates.scriptsbundle.com/whitehat/index-2.html]
[templates.scriptsbundle.com/whitehat/images/logo.png]
[templates.scriptsbundle.com/whitehat/index2.html]
[templates.scriptsbundle.com/whitehat/index3.html]
[templates.scriptsbundle.com/whitehat/about.html]
[templates.scriptsbundle.com/whitehat/case-studies.html]
[templates.scriptsbundle.com/whitehat/case-studies-detail.html]
[templates.scriptsbundle.com/whitehat/product-list.html]
[templates.scriptsbundle.com/whitehat/product-single.html]
[templates.scriptsbundle.com/whitehat/blog.html]
[templates.scriptsbundle.com/whitehat/blog2.html]
[templates.scriptsbundle.com/whitehat/blog-single.html]
[templates.scriptsbundle.com/whitehat/services.html]
[templates.scriptsbundle.com/whitehat/services2.html]
[templates.scriptsbundle.com/whitehat/services-detail.html]
[templates.scriptsbundle.com/whitehat/contact.html]
[templates.scriptsbundle.com/whitehat/masterslider/css/blank.gif]
[templates.scriptsbundle.com/whitehat/images/slider/weblankan-services-seo.png]
[templates.scriptsbundle.com/whitehat/images/tablet.png]
[templates.scriptsbundle.com/whitehat/images/ipad1.png]
[templates.scriptsbundle.com/whitehat/images/seo-process.png]
[templates.scriptsbundle.com/whitehat/images/casestudies/1.jpg]
[templates.scriptsbundle.com/whitehat/images/casestudies/2.jpg]
[templates.scriptsbundle.com/whitehat/images/casestudies/3.jpg]
[templates.scriptsbundle.com/whitehat/images/casestudies/4.jpg]
[templates.scriptsbundle.com/whitehat/images/casestudies/5.jpg]
[templates.scriptsbundle.com/whitehat/images/casestudies/6.jpg]
[templates.scriptsbundle.com/whitehat/images/casestudies/7.jpg]
[templates.scriptsbundle.com/whitehat/images/casestudies/8.jpg]
[templates.scriptsbundle.com/whitehat/images/users/1.jpg]
[templates.scriptsbundle.com/whitehat/images/users/2.jpg]
[templates.scriptsbundle.com/whitehat/images/users/3.jpg]
[templates.scriptsbundle.com/whitehat/images/users/4.jpg]
[templates.scriptsbundle.com/whitehat/images/clients/client_1.png]
[templates.scriptsbundle.com/whitehat/images/clients/client_2.png]
[templates.scriptsbundle.com/whitehat/images/clients/client_3.png]
[templates.scriptsbundle.com/whitehat/images/clients/client_4.png]
[templates.scriptsbundle.com/whitehat/images/clients/client_5.png]
[templates.scriptsbundle.com/whitehat/images/clients/client_6.png]
[templates.scriptsbundle.com/whitehat/images/clients/client_7.png]
[templates.scriptsbundle.com/whitehat/images/clients/client_8.png]
[templates.scriptsbundle.com/whitehat/images/app-2.png]
[templates.scriptsbundle.com/whitehat/images/logo-white.png]
[templates.scriptsbundle.com/whitehat/js/modernizr.js]
[templates.scriptsbundle.com/whitehat/js/jquery.min.js]
[templates.scriptsbundle.com/whitehat/js/bootstrap.min.js]
[templates.scriptsbundle.com/whitehat/js/jquery-migrate.min.js]
[templates.scriptsbundle.com/whitehat/js/jquery.countTo.js]
[templates.scriptsbundle.com/whitehat/js/jquery.appear.min.js]
[templates.scriptsbundle.com/whitehat/js/jquery.waypoints.js]
[templates.scriptsbundle.com/whitehat/js/megamenu.js]
[templates.scriptsbundle.com/whitehat/js/owl-carousel.js]
[templates.scriptsbundle.com/whitehat/js/select2.min.js]
[templates.scriptsbundle.com/whitehat/js/typed.min.js]
[templates.scriptsbundle.com/whitehat/js/jquery.magnific-popup.min.js]
[templates.scriptsbundle.com/whitehat/js/custom.js]
[templates.scriptsbundle.com/whitehat/index.html]
[templates.scriptsbundle.com/whitehat/fonts/glyphicons-halflings-regular.eot]
[templates.scriptsbundle.com/whitehat/masterslider/js/masterslider.min.js]
[templates.scriptsbundle.com/whitehat/fonts/glyphicons-halflings-regulard41d.eot]
[templates.scriptsbundle.com/whitehat/fonts/glyphicons-halflings-regular.woff2]
[templates.scriptsbundle.com/whitehat/fonts/glyphicons-halflings-regular.woff]
[templates.scriptsbundle.com/whitehat/fonts/glyphicons-halflings-regular.ttf]
[templates.scriptsbundle.com/whitehat/fonts/glyphicons-halflings-regular.svg]
[templates.scriptsbundle.com/whitehat/css/bootstrap.css]
[templates.scriptsbundle.com/whitehat/css/select2.min.css]
[templates.scriptsbundle.com/images/bg/17.png]
[templates.scriptsbundle.com/whitehat/css/megamenu.css]
[templates.scriptsbundle.com/whitehat/css/animate.min.css]
[templates.scriptsbundle.com/whitehat/images/grabbing.png]
[templates.scriptsbundle.com/whitehat/css/owl.carousel.css]
[templates.scriptsbundle.com/whitehat/images/AjaxLoader.gif]
[templates.scriptsbundle.com/whitehat/css/owl.style.css]
[templates.scriptsbundle.com/whitehat/css/magnific-popup.css]
[templates.scriptsbundle.com/whitehat/images/slider/breadcrumb.jpg]
[templates.scriptsbundle.com/whitehat/images/home-17-parallax.jpg]
[templates.scriptsbundle.com/whitehat/images/bg1.jpg]
[templates.scriptsbundle.com/whitehat/images/get-analytics-bg.jpg]
[templates.scriptsbundle.com/whitehat/images/slider/corner01.png]
[templates.scriptsbundle.com/whitehat/images/slider/corner02.png]
[templates.scriptsbundle.com/whitehat/images/square-graph.jpg]
[templates.scriptsbundle.com/whitehat/images/custom-bg.png]
[templates.scriptsbundle.com/whitehat/images/services-bg.png]
[templates.scriptsbundle.com/whitehat/images/bg.jpg]
[templates.scriptsbundle.com/whitehat/css/style.css]
[templates.scriptsbundle.com/whitehat/fonts/fontawesome-webfont3295.eot]
[templates.scriptsbundle.com/whitehat/fonts/fontawesome-webfontd41d.eot]
[templates.scriptsbundle.com/whitehat/fonts/fontawesome-webfont3295.woff2]
[templates.scriptsbundle.com/whitehat/fonts/fontawesome-webfont3295.woff]
[templates.scriptsbundle.com/whitehat/fonts/fontawesome-webfont3295.ttf]
[templates.scriptsbundle.com/whitehat/fonts/fontawesome-webfont3295.svg]
[templates.scriptsbundle.com/whitehat/css/font-awesome.min.css]
[templates.scriptsbundle.com/whitehat/fonts/themify9f24.eot]
[templates.scriptsbundle.com/whitehat/fonts/themifyd41d.eot]
[templates.scriptsbundle.com/whitehat/fonts/themify9f24.woff]
[templates.scriptsbundle.com/whitehat/fonts/themify9f24.ttf]
[templates.scriptsbundle.com/whitehat/css/themify-icons.css]
[templates.scriptsbundle.com/whitehat/fonts/seo-and-marketing/Flaticon.eot]
[templates.scriptsbundle.com/whitehat/fonts/themify9f24.svg]
[templates.scriptsbundle.com/whitehat/fonts/seo-and-marketing/Flaticon.woff]
[templates.scriptsbundle.com/whitehat/fonts/seo-and-marketing/Flaticond41d.eot]
[templates.scriptsbundle.com/whitehat/fonts/seo-and-marketing/Flaticon.ttf]
[templates.scriptsbundle.com/whitehat/fonts/seo-and-marketing/Flaticon.svg]
[templates.scriptsbundle.com/whitehat/fonts/seo-and-marketing/flaticon.css]
[templates.scriptsbundle.com/whitehat/fonts/seo-icons/Flaticon.eot]
[templates.scriptsbundle.com/whitehat/fonts/seo-icons/Flaticon.woff]
[templates.scriptsbundle.com/whitehat/fonts/seo-icons/Flaticon.ttf]
[templates.scriptsbundle.com/whitehat/fonts/seo-icons/Flaticond41d.eot]
[templates.scriptsbundle.com/whitehat/fonts/seo-icons/Flaticon.svg]
[templates.scriptsbundle.com/whitehat/fonts/seo-icons/flaticon.css]
[templates.scriptsbundle.com/whitehat/masterslider/css/common/loading-2.gif]
[templates.scriptsbundle.com/whitehat/masterslider/css/common/grab.png]
[templates.scriptsbundle.com/whitehat/masterslider/css/common/grabbing.png]
[templates.scriptsbundle.com/whitehat/masterslider/css/common/video-close-btn.png]
[templates.scriptsbundle.com/whitehat/masterslider/css/masterslider.css]
[templates.scriptsbundle.com/whitehat/masterslider/css/skins/light-skin-1.png]
[templates.scriptsbundle.com/whitehat/masterslider/css/skins/black-skin-2.png]
[templates.scriptsbundle.com/whitehat/masterslider/css/skins/light-skin-1-retina.png]
[templates.scriptsbundle.com/whitehat/masterslider/css/style.css]
[www.masterslider.com/wp-content/uploads/home-title-arrow.gif]
[templates.scriptsbundle.com/whitehat/masterslider/css/layer-style.css]
[templates.scriptsbundle.com/whitehat/masterslider/css/templates/device-skin.png]
[templates.scriptsbundle.com/whitehat/masterslider/css/sicons.png]
[templates.scriptsbundle.com/whitehat/masterslider/css/ms-staff-style.css]
[templates.scriptsbundle.com/whitehat/index-2.html]
[templates.scriptsbundle.com/whitehat/images/about-us.png]
[templates.scriptsbundle.com/whitehat/images/slider/home-dsk-2.png]
[templates.scriptsbundle.com/whitehat/images/casestudies/9.jpg]
[templates.scriptsbundle.com/whitehat/images/casestudies/10.jpg]
[templates.scriptsbundle.com/whitehat/index2.html]
[templates.scriptsbundle.com/whitehat/index3.html]
[templates.scriptsbundle.com/whitehat/images/team/1.png]
[templates.scriptsbundle.com/whitehat/images/team/2.jpg]
[templates.scriptsbundle.com/whitehat/images/team/3.jpg]
[templates.scriptsbundle.com/whitehat/images/team/44.jpg]
[templates.scriptsbundle.com/whitehat/about.html]
[templates.scriptsbundle.com/whitehat/case-studies.html]
[templates.scriptsbundle.com/whitehat/images/blog/1.jpg]
[templates.scriptsbundle.com/whitehat/images/blog/10.jpg]
[templates.scriptsbundle.com/whitehat/images/blog/7.jpg]
[templates.scriptsbundle.com/whitehat/images/blog/6.jpg]
[templates.scriptsbundle.com/whitehat/images/blog/5.jpg]
[templates.scriptsbundle.com/whitehat/images/blog/4.jpg]
[templates.scriptsbundle.com/whitehat/images/blog/3.jpg]
[templates.scriptsbundle.com/whitehat/images/casestudy-detail.png]
[templates.scriptsbundle.com/whitehat/images/graph1.png]
[templates.scriptsbundle.com/whitehat/images/graph.png]
[templates.scriptsbundle.com/whitehat/case-studies-detail.html]
[templates.scriptsbundle.com/whitehat/images/shop/1.jpg]
[templates.scriptsbundle.com/whitehat/images/shop/2.jpg]
[templates.scriptsbundle.com/whitehat/images/shop/6.jpg]
[templates.scriptsbundle.com/whitehat/images/shop/3.jpg]
[templates.scriptsbundle.com/whitehat/images/shop/4.jpg]
[templates.scriptsbundle.com/whitehat/images/shop/5.jpg]
[templates.scriptsbundle.com/whitehat/product-list.html]
[templates.scriptsbundle.com/whitehat/css/hover-min.92.delayed]
[templates.scriptsbundle.com/whitehat/iimages/shop/3.jpg]
[templates.scriptsbundle.com/whitehat/product-details.html]
[templates.scriptsbundle.com/whitehat/images/users/5.jpg]
[templates.scriptsbundle.com/whitehat/images/users/7.jpg]
[templates.scriptsbundle.com/whitehat/product-single.html]
[templates.scriptsbundle.com/whitehat/images/blog/12.jpg]
[templates.scriptsbundle.com/whitehat/images/blog/11.jpg]
[templates.scriptsbundle.com/whitehat/blog.html]
[templates.scriptsbundle.com/whitehat/images/blog/2.jpg]
[templates.scriptsbundle.com/whitehat/images/blog/8.jpg]
[templates.scriptsbundle.com/whitehat/images/blog/9.jpg]
[templates.scriptsbundle.com/whitehat/blog2.html]
[templates.scriptsbundle.com/whitehat/blog-single.html]
[templates.scriptsbundle.com/whitehat/services.html]
[templates.scriptsbundle.com/whitehat/services2.html]
[templates.scriptsbundle.com/whitehat/images/services/1.jpg]
[templates.scriptsbundle.com/whitehat/images/services/1s.jpg]
[templates.scriptsbundle.com/whitehat/images/services/2.jpg]
[templates.scriptsbundle.com/whitehat/images/services/2s.jpg]
[templates.scriptsbundle.com/whitehat/images/services/3.jpg]
[templates.scriptsbundle.com/whitehat/images/services/3s.jpg]
[templates.scriptsbundle.com/whitehat/images/services/4.jpg]
[templates.scriptsbundle.com/whitehat/images/services/4s.jpg]
[templates.scriptsbundle.com/whitehat/images/services/5.jpg]
[templates.scriptsbundle.com/whitehat/images/services/5s.jpg]
[templates.scriptsbundle.com/whitehat/images/services/6.jpg]
[templates.scriptsbundle.com/whitehat/images/services/6s.jpg]
[templates.scriptsbundle.com/whitehat/services-details.html]
[templates.scriptsbundle.com/whitehat/services-detail.html]
[templates.scriptsbundle.com/whitehat/contact.html]
[templates.scriptsbundle.com/whitehat/fonts/glyphicons-halflings-regular.svg]
[templates.scriptsbundle.com/images/bg/17.html]
[templates.scriptsbundle.com/whitehat/images/grabbing.html]
[templates.scriptsbundle.com/whitehat/images/AjaxLoader.html]
[templates.scriptsbundle.com/whitehat/images/bg1.jpg]
[templates.scriptsbundle.com/whitehat/images/custom-bg.png]
[templates.scriptsbundle.com/whitehat/images/services-bg.html]
[templates.scriptsbundle.com/whitehat/fonts/fontawesome-webfont3295.svg]
[templates.scriptsbundle.com/whitehat/fonts/themify9f24.svg]
[templates.scriptsbundle.com/whitehat/fonts/seo-and-marketing/Flaticon.svg]
[templates.scriptsbundle.com/whitehat/fonts/seo-icons/Flaticon.svg]
[templates.scriptsbundle.com/whitehat/masterslider/css/sicons.html]
[templates.scriptsbundle.com/whitehat/images/blog/1.jpg]
[templates.scriptsbundle.com/whitehat/images/blog/3.jpg]
[templates.scriptsbundle.com/whitehat/images/casestudy-detail.png]
[templates.scriptsbundle.com/whitehat/css/hover-min.html]
[templates.scriptsbundle.com/whitehat/iimages/shop/3.html]
[templates.scriptsbundle.com/whitehat/product-details.html]
[templates.scriptsbundle.com/whitehat/images/blog/12.jpg]
[templates.scriptsbundle.com/whitehat/images/blog/9.jpg]
[templates.scriptsbundle.com/whitehat/images/services/5.jpg]
[templates.scriptsbundle.com/whitehat/services-details.html]
[templates.scriptsbundle.com/whitehat/images/blog/1.jpg]
[templates.scriptsbundle.com/whitehat/images/blog/12.jpg]
[templates.scriptsbundle.com/whitehat/images/blog/9.jpg]
[templates.scriptsbundle.com/whitehat/images/services/5.jpg]
