[tapshop.herokuapp.com/index.html]
[backblue.gif]
[fade.gif]
[index.html]
[tapshop.herokuapp.com/7ff932a0859a7466154be23cde3e46eb61407312d214.css]
[tapshop.herokuapp.com/fca32cbab9092450856e27c50c18761df2978598d214.css]
[tapshop.herokuapp.com/images/icons/apple-touch-icon-120x120.png]
[tapshop.herokuapp.com/images/icons/favicon-32x32.png]
[tapshop.herokuapp.com/images/icons/favicon-16x16.png]
[tapshop.herokuapp.com/index.html]
[tapshop.herokuapp.com/packages/driftyco_ionic/release/fonts/ionicons790f.eot]
[tapshop.herokuapp.com/packages/driftyco_ionic/release/fonts/ionicons790f.ttf]
[tapshop.herokuapp.com/packages/driftyco_ionic/release/fonts/ionicons790f.woff]
[tapshop.herokuapp.com/packages/driftyco_ionic/release/fonts/ionicons.woff]
[tapshop.herokuapp.com/fef1f0796ac7a95d02a647cca3c119206b2b309fc55d.js]
[tapshop.herokuapp.com/packages/fortawesome_fontawesome/upstream/fonts/fontawesome-webfont5b62.eot]
[tapshop.herokuapp.com/packages/driftyco_ionic/release/fonts/ionicons790f.svg]
[tapshop.herokuapp.com/packages/fortawesome_fontawesome/upstream/fonts/fontawesome-webfont5b62.woff2]
[tapshop.herokuapp.com/packages/fortawesome_fontawesome/upstream/fonts/fontawesome-webfont5b62.woff]
[tapshop.herokuapp.com/packages/fortawesome_fontawesome/upstream/fonts/fontawesome-webfontd41d.eot]
[tapshop.herokuapp.com/fca32cbab9092450856e27c50c18761df2978598d214.css]
[tapshop.herokuapp.com/7ff932a0859a7466154be23cde3e46eb61407312d214.css]
[tapshop.herokuapp.com/packages/driftyco_ionic/release/fonts/ionicons790f.svg]
[tapshop.herokuapp.com/packages/fortawesome_fontawesome/upstream/fonts/fontawesome-webfont5b62.ttf]
[tapshop.herokuapp.com/packages/fortawesome_fontawesome/upstream/fonts/fontawesome-webfont5b62.svg]
[tapshop.herokuapp.com/packages/fortawesome_fontawesome/upstream/fonts/fontawesome-webfont5b62.svg]
