[backblue.gif]
[fade.gif]
[index.html]
[themesfoundry.net/demo/html/six/images/learning.png]
[themesfoundry.net/demo/html/six/images/computer.png]
[themesfoundry.net/demo/html/six/images/pencil.png]
[themesfoundry.net/demo/html/six/images/message.png]
[themesfoundry.net/demo/html/six/images/06.png]
[themesfoundry.net/demo/html/six/images/work-1.jpg]
[themesfoundry.net/demo/html/six/images/work-3.jpg]
[themesfoundry.net/demo/html/six/images/work-2.jpg]
[themesfoundry.net/demo/html/six/images/work5.jpg]
[themesfoundry.net/demo/html/six/images/work-4.jpg]
[themesfoundry.net/demo/html/six/images/work6.jpg]
[themesfoundry.net/demo/html/six/images/team-1.jpg]
[themesfoundry.net/demo/html/six/images/team-2.jpg]
[themesfoundry.net/demo/html/six/images/team-3.jpg]
[themesfoundry.net/demo/html/six/images/team-4.jpg]
[themesfoundry.net/demo/html/six/images/testimonial-2.jpg]
[themesfoundry.net/demo/html/six/images/testimonial-1.jpg]
[themesfoundry.net/demo/html/six/images/testimonial-3.jpg]
[themesfoundry.net/demo/html/six/images/footer-1.jpg]
[themesfoundry.net/demo/html/six/images/footer-2.jpg]
[themesfoundry.net/demo/html/six/images/footer-3.jpg]
[themesfoundry.net/demo/html/six/images/footer-4.jpg]
[themesfoundry.net/demo/html/six/images/footer-5.jpg]
[themesfoundry.net/demo/html/six/images/footer-6.jpg]
[themesfoundry.net/demo/html/six/js/jQuery.js]
[themesfoundry.net/demo/html/six/js/jquery.easing.min.js]
[themesfoundry.net/demo/html/six/js/bootstrap.js]
[use.fontawesome.com/e18447245b.js]
[themesfoundry.net/demo/html/six/js/appear.js]
[themesfoundry.net/demo/html/six/js/isotope.js]
[themesfoundry.net/demo/html/six/js/spsimpleportfolio.js]
[themesfoundry.net/demo/html/six/js/featherlight.min.js]
[themesfoundry.net/demo/html/six/js/jquery.shuffle.modernizr.min.js]
[themesfoundry.net/demo/html/six/js/steller.js]
[themesfoundry.net/demo/html/six/js/smooth-scroll.js]
[themesfoundry.net/demo/html/six/js/owl.carousel.js]
[themesfoundry.net/demo/html/six/js/custom.js]
[themesfoundry.net/demo/html/six/index.html]
[themesfoundry.net/demo/html/six/fonts/glyphicons-halflings-regular.eot]
[themesfoundry.net/demo/html/six/fonts/glyphicons-halflings-regulard41d.eot]
[themesfoundry.net/demo/html/six/fonts/glyphicons-halflings-regular.woff]
[themesfoundry.net/demo/html/six/fonts/glyphicons-halflings-regular.ttf]
[themesfoundry.net/demo/html/six/css/bootstrap.css]
[themesfoundry.net/demo/html/six/fonts/fontawesome-webfont93e3.eot]
[themesfoundry.net/demo/html/six/fonts/fontawesome-webfontd41d.eot]
[themesfoundry.net/demo/html/six/fonts/fontawesome-webfont93e3.woff]
[themesfoundry.net/demo/html/six/fonts/fontawesome-webfont93e3.ttf]
[themesfoundry.net/demo/html/six/css/font-awesome.min.css]
[themesfoundry.net/demo/html/six/fonts/icofont7858.eot]
[themesfoundry.net/demo/html/six/fonts/icofont7858.ttf]
[themesfoundry.net/demo/html/six/fonts/icofont7858.woff]
[themesfoundry.net/demo/html/six/css/icofont.css]
[themesfoundry.net/demo/html/six/css/hover-min.css]
[themesfoundry.net/demo/html/six/css/owl.carousel.css]
[themesfoundry.net/demo/html/six/css/AjaxLoader.gif]
[themesfoundry.net/demo/html/six/css/owl.theme.css]
[themesfoundry.net/demo/html/six/css/owl.transitions.css]
[themesfoundry.net/demo/html/six/css/spsimpleportfolio.css]
[themesfoundry.net/demo/html/six/css/featherlight.min.css]
[themesfoundry.net/demo/html/six/images/select-arrow.png]
[themesfoundry.net/demo/html/six/images/banner-1.jpg]
[themesfoundry.net/demo/html/six/images/line.png]
[themesfoundry.net/demo/html/six/images/work-bg.jpg]
[themesfoundry.net/demo/html/six/images/cal-to-action-3.png]
[themesfoundry.net/demo/html/six/images/border.png]
[themesfoundry.net/demo/html/six/images/search-bg.jpg]
[themesfoundry.net/demo/html/six/images/border-2.png]
[themesfoundry.net/demo/html/six/css/style.css]
[themesfoundry.net/demo/html/six/css/responsive.css]
[themesfoundry.net/demo/html/six/images/banner-3.png]
[themesfoundry.net/demo/html/six/images/Signature.png]
[themesfoundry.net/demo/html/six/images/video.jpg]
[themesfoundry.net/demo/html/six/images/service-search.png]
[themesfoundry.net/demo/html/six/images/service-layers.png]
[themesfoundry.net/demo/html/six/images/service-devices.png]
[themesfoundry.net/demo/html/six/images/service-3d-printer.png]
[themesfoundry.net/demo/html/six/images/shield.png]
[themesfoundry.net/demo/html/six/images/cal-to-action-4.png]
[themesfoundry.net/demo/html/six/images/cal-to-action-5.png]
[themesfoundry.net/demo/html/six/images/cal-to-action-6.png]
[themesfoundry.net/demo/html/six/images/testimonial-businessman.png]
[themesfoundry.net/demo/html/six/images/testimonial-disc-jockey.png]
[themesfoundry.net/demo/html/six/images/testimonial-journalist.png]
[themesfoundry.net/demo/html/six/images/testimonial-maid.png]
[themesfoundry.net/demo/html/six/images/blog-1.png]
[themesfoundry.net/demo/html/six/images/blog-2.png]
[themesfoundry.net/demo/html/six/images/blog-3.png]
[themesfoundry.net/demo/html/six/home-digital-marketing.html]
[themesfoundry.net/demo/html/six/images/banner-2.png]
[themesfoundry.net/demo/html/six/images/service-2.png]
[themesfoundry.net/demo/html/six/images/service-3.png]
[themesfoundry.net/demo/html/six/images/service-1.png]
[themesfoundry.net/demo/html/six/images/service-4.png]
[themesfoundry.net/demo/html/six/images/service-5.png]
[themesfoundry.net/demo/html/six/images/service-6.png]
[themesfoundry.net/demo/html/six/images/cal-to-action.png]
[themesfoundry.net/demo/html/six/images/cal-to-action-2.png]
[themesfoundry.net/demo/html/six/home-web-hosting.html]
[themesfoundry.net/demo/html/six/images/six_p1.jpg]
[themesfoundry.net/demo/html/six/images/six_p2.jpg]
[themesfoundry.net/demo/html/six/images/six_p3.jpg]
[themesfoundry.net/demo/html/six/images/six_p4.jpg]
[themesfoundry.net/demo/html/six/images/six_p5.jpg]
[themesfoundry.net/demo/html/six/images/six_p6.jpg]
[themesfoundry.net/demo/html/six/images/six_p7.jpg]
[themesfoundry.net/demo/html/six/images/six_p8.jpg]
[themesfoundry.net/demo/html/six/js/wow-animation.js]
[themesfoundry.net/demo/html/six/home-portfolio.html]
[themesfoundry.net/demo/html/six/images/Member-Image.png]
[themesfoundry.net/demo/html/six/images/Member-Image1.png]
[themesfoundry.net/demo/html/six/images/Member-Image2.png]
[themesfoundry.net/demo/html/six/images/Member-Image3.png]
[themesfoundry.net/demo/html/six/about.html]
[themesfoundry.net/demo/html/six/images/service-image-1.jpg]
[themesfoundry.net/demo/html/six/images/service-image-2.jpg]
[themesfoundry.net/demo/html/six/images/service-image-3.jpg]
[themesfoundry.net/demo/html/six/images/service-image-4.jpg]
[themesfoundry.net/demo/html/six/images/service-image-5.jpg]
[themesfoundry.net/demo/html/six/images/service-image-6.jpg]
[themesfoundry.net/demo/html/six/services-v1.html]
[themesfoundry.net/demo/html/six/images/service-image-1.png]
[themesfoundry.net/demo/html/six/images/service-image-2.png]
[themesfoundry.net/demo/html/six/images/service-image-3.png]
[themesfoundry.net/demo/html/six/images/service-image-4.png]
[themesfoundry.net/demo/html/six/images/service-image-5.png]
[themesfoundry.net/demo/html/six/images/service-image-6.png]
[themesfoundry.net/demo/html/six/services-v2.html]
[themesfoundry.net/demo/html/six/images/atom.png]
[themesfoundry.net/demo/html/six/images/drawing.png]
[themesfoundry.net/demo/html/six/images/security.png]
[themesfoundry.net/demo/html/six/images/draw.png]
[themesfoundry.net/demo/html/six/services-v3.html]
[themesfoundry.net/demo/html/six/services-v4.html]
[themesfoundry.net/demo/html/six/images/single-service.jpg]
[themesfoundry.net/demo/html/six/single-service-v1.html]
[themesfoundry.net/demo/html/six/images/single-service-2.jpg]
[themesfoundry.net/demo/html/six/single-service-v2.html]
[themesfoundry.net/demo/html/six/images/work-7.jpg]
[themesfoundry.net/demo/html/six/images/work-8.jpg]
[themesfoundry.net/demo/html/six/images/work-9.jpg]
[themesfoundry.net/demo/html/six/portfolio-v1.html]
[themesfoundry.net/demo/html/six/our-team.html]
[themesfoundry.net/demo/html/six/images/work-10.jpg]
[themesfoundry.net/demo/html/six/images/work-13.jpg]
[themesfoundry.net/demo/html/six/images/work-11.jpg]
[themesfoundry.net/demo/html/six/images/work-14.jpg]
[themesfoundry.net/demo/html/six/images/work-12.jpg]
[themesfoundry.net/demo/html/six/images/work-15.jpg]
[themesfoundry.net/demo/html/six/portfolio-v2.html]
[themesfoundry.net/demo/html/six/images/single-portfolio-1.jpg]
[themesfoundry.net/demo/html/six/images/single-portfolio-2.jpg]
[themesfoundry.net/demo/html/six/signle-portfolio.html]
[themesfoundry.net/demo/html/six/price-plans-v1.html]
[themesfoundry.net/demo/html/six/price-plans-v2.html]
[themesfoundry.net/demo/html/six/price-plan-v3.html]
[themesfoundry.net/demo/html/six/images/404.gif]
[themesfoundry.net/demo/html/six/404-page-v1.html]
[themesfoundry.net/demo/html/six/images/404-2.gif]
[themesfoundry.net/demo/html/six/404-page-v2.html]
[themesfoundry.net/demo/html/six/blog-v1.html]
[themesfoundry.net/demo/html/six/blog-v1-left-sidebar.html]
[themesfoundry.net/demo/html/six/blog-v1-right-sidebar.html]
[themesfoundry.net/demo/html/six/blog-v2-left-sidebar.html]
[themesfoundry.net/demo/html/six/blog-v2-right-sidebar.html]
[themesfoundry.net/demo/html/six/contact-v1.html]
[themesfoundry.net/demo/html/six/contact-v2.html]
[themesfoundry.net/demo/html/six/fonts/glyphicons-halflings-regular.html]
[themesfoundry.net/demo/html/six/fonts/glyphicons-halflings-regular.svg]
[themesfoundry.net/demo/html/six/fonts/fontawesome-webfont93e3.html]
[themesfoundry.net/demo/html/six/fonts/fontawesome-webfont93e3.svg]
[themesfoundry.net/demo/html/six/fonts/icofont7858.svg]
[themesfoundry.net/demo/html/six/css/grabbing.html]
[themesfoundry.net/demo/html/six/img/icon-play.html]
[themesfoundry.net/demo/html/six/css/animate.css]
[themesfoundry.net/demo/html/six/blog-detail.html]
