[backblue.gif]
[fade.gif]
[index.html]
[dmitryvolkov.me/demo/helpzone/icon/favicon-16x16.png]
[dmitryvolkov.me/demo/helpzone/icon/favicon-32x32.png]
[dmitryvolkov.me/demo/helpzone/icon/apple-touch-icon-57x57.png]
[dmitryvolkov.me/demo/helpzone/icon/apple-touch-icon-72x72.png]
[dmitryvolkov.me/demo/helpzone/icon/apple-touch-icon-114x114.png]
[dmitryvolkov.me/demo/helpzone/icon/apple-touch-icon-120x120.png]
[dmitryvolkov.me/demo/helpzone/icon/apple-touch-icon-152x152.png]
[dmitryvolkov.me/demo/helpzone/img/logo.png]
[dmitryvolkov.me/demo/helpzone/img/page-headers/home_bg.jpg]
[dmitryvolkov.me/demo/helpzone/img/articles/article1.jpg]
[dmitryvolkov.me/demo/helpzone/img/articles/article2.jpg]
[dmitryvolkov.me/demo/helpzone/img/user1.jpg]
[dmitryvolkov.me/demo/helpzone/img/user2.jpg]
[dmitryvolkov.me/demo/helpzone/img/user3.jpg]
[dmitryvolkov.me/demo/helpzone/img/user.jpg]
[dmitryvolkov.me/demo/helpzone/js/jquery-1.12.4.min.js]
[dmitryvolkov.me/demo/helpzone/js/bootstrap.min.js]
[dmitryvolkov.me/demo/helpzone/js/owl.carousel.min.js]
[dmitryvolkov.me/demo/helpzone/js/parallax.min.js]
[dmitryvolkov.me/demo/helpzone/js/imagesloaded.pkgd.min.js]
[dmitryvolkov.me/demo/helpzone/js/main.js]
[dmitryvolkov.me/demo/helpzone/index.html]
[dmitryvolkov.me/demo/helpzone/icon/apple-touch-icon-144x144.html]
[dmitryvolkov.me/demo/helpzone/fonts/Material-Design-Iconic-Fontd1f1.woff2]
[dmitryvolkov.me/demo/helpzone/fonts/Material-Design-Iconic-Fontd1f1.woff]
[dmitryvolkov.me/demo/helpzone/fonts/Material-Design-Iconic-Fontd1f1.ttf]
[dmitryvolkov.me/demo/helpzone/css/material-design-iconic-font.min.css]
[dmitryvolkov.me/demo/helpzone/fonts/glyphicons-halflings-regular.eot]
[dmitryvolkov.me/demo/helpzone/fonts/glyphicons-halflings-regulard41d.eot]
[dmitryvolkov.me/demo/helpzone/fonts/glyphicons-halflings-regular.woff2]
[dmitryvolkov.me/demo/helpzone/fonts/glyphicons-halflings-regular.woff]
[dmitryvolkov.me/demo/helpzone/fonts/glyphicons-halflings-regular.ttf]
[dmitryvolkov.me/demo/helpzone/css/bootstrap.min.css]
[dmitryvolkov.me/demo/helpzone/css/owl.carousel.min.css]
[dmitryvolkov.me/demo/helpzone/css/owl.theme.default.min.css]
[dmitryvolkov.me/demo/helpzone/css/animate.css]
[dmitryvolkov.me/demo/helpzone/img/other/404.jpg]
[dmitryvolkov.me/demo/helpzone/css/main.css]
[dmitryvolkov.me/demo/helpzone/css/color.css]
[dmitryvolkov.me/demo/helpzone/css/media.css]
[dmitryvolkov.me/demo/helpzone/img/page-headers/home-slide-1.jpg]
[dmitryvolkov.me/demo/helpzone/img/page-headers/home-slide-2.jpg]
[dmitryvolkov.me/demo/helpzone/img/page-headers/home-slide-3.jpg]
[dmitryvolkov.me/demo/helpzone/index-2.html]
[dmitryvolkov.me/demo/helpzone/img/page-headers/article_bg.jpg]
[dmitryvolkov.me/demo/helpzone/articles.html]
[dmitryvolkov.me/demo/helpzone/articles-grid.html]
[dmitryvolkov.me/demo/helpzone/img/page-headers/faq_bg.jpg]
[dmitryvolkov.me/demo/helpzone/faq.html]
[dmitryvolkov.me/demo/helpzone/img/page-headers/contact_bg.jpg]
[dmitryvolkov.me/demo/helpzone/contact.html]
[dmitryvolkov.me/demo/helpzone/img/page-headers/about_bg.jpg]
[dmitryvolkov.me/demo/helpzone/img/other/img-slide-1.jpg]
[dmitryvolkov.me/demo/helpzone/img/other/img-slide-2.jpg]
[dmitryvolkov.me/demo/helpzone/img/other/img-slide-3.jpg]
[dmitryvolkov.me/demo/helpzone/img/team/user1.jpg]
[dmitryvolkov.me/demo/helpzone/img/team/user2.jpg]
[dmitryvolkov.me/demo/helpzone/img/team/user3.jpg]
[dmitryvolkov.me/demo/helpzone/img/team/user4.jpg]
[dmitryvolkov.me/demo/helpzone/about.html]
[dmitryvolkov.me/demo/helpzone/img/articles/article_big.jpg]
[dmitryvolkov.me/demo/helpzone/img/articles/article_img.jpg]
[dmitryvolkov.me/demo/helpzone/article.html]
[dmitryvolkov.me/demo/helpzone/404.html]
[dmitryvolkov.me/demo/helpzone/fonts/glyphicons-halflings-regular.svg]
[dmitryvolkov.me/demo/helpzone/css/owl.video.play.html]
