[backblue.gif]
[fade.gif]
[index.html]
[demo.designing-world.com/limhost-v3/img/core-img/favicon.ico]
[demo.designing-world.com/limhost-v3/img/core-img/lan-1.jpg]
[demo.designing-world.com/limhost-v3/img/core-img/lan-2.jpg]
[demo.designing-world.com/limhost-v3/img/core-img/lan-3.jpg]
[demo.designing-world.com/limhost-v3/img/core-img/lan-4.jpg]
[demo.designing-world.com/limhost-v3/img/core-img/lan-5.jpg]
[demo.designing-world.com/limhost-v3/img/core-img/logo.png]
[demo.designing-world.com/limhost-v3/img/bg-pattern/welcome-bg.jpg]
[demo.designing-world.com/limhost-v3/img/core-img/cloud-1.png]
[demo.designing-world.com/limhost-v3/img/core-img/cloud-2.png]
[demo.designing-world.com/limhost-v3/img/core-img/cloud-3.png]
[demo.designing-world.com/limhost-v3/img/core-img/cloud-4.png]
[demo.designing-world.com/limhost-v3/img/core-img/cloud-5.png]
[demo.designing-world.com/limhost-v3/img/bg-pattern/welcome-img.png]
[demo.designing-world.com/limhost-v3/img/bg-pattern/cloud-hosting.png]
[demo.designing-world.com/limhost-v3/img/partners-img/1.png]
[demo.designing-world.com/limhost-v3/img/partners-img/2.png]
[demo.designing-world.com/limhost-v3/img/partners-img/3.png]
[demo.designing-world.com/limhost-v3/img/partners-img/4.png]
[demo.designing-world.com/limhost-v3/img/partners-img/5.png]
[demo.designing-world.com/limhost-v3/img/partners-img/6.png]
[demo.designing-world.com/limhost-v3/img/news-img/blog.jpg]
[demo.designing-world.com/limhost-v3/img/news-img/blog-2.jpg]
[demo.designing-world.com/limhost-v3/js/jquery-2.2.4.min.js]
[demo.designing-world.com/limhost-v3/js/bootstrap.min.js]
[demo.designing-world.com/limhost-v3/js/owl.carousel.min.js]
[demo.designing-world.com/limhost-v3/js/ajax-contact.js]
[demo.designing-world.com/limhost-v3/js/meanmenu.js]
[demo.designing-world.com/limhost-v3/js/waypoints.min.js]
[demo.designing-world.com/limhost-v3/js/counterup.min.js]
[demo.designing-world.com/limhost-v3/js/jquery.easing.1.3.js]
[demo.designing-world.com/limhost-v3/js/jquery.scrollUp.js]
[demo.designing-world.com/limhost-v3/js/wow.min.js]
[demo.designing-world.com/limhost-v3/js/active.js]
[demo.designing-world.com/limhost-v3/index.html]
[demo.designing-world.com/limhost-v3/fonts/montserrat-light.eot]
[demo.designing-world.com/limhost-v3/fonts/montserrat-lightd41d.eot]
[demo.designing-world.com/limhost-v3/fonts/montserrat-light.woff]
[demo.designing-world.com/limhost-v3/fonts/montserrat-light.ttf]
[demo.designing-world.com/limhost-v3/img/bg-pattern/border.png]
[demo.designing-world.com/limhost-v3/img/bg-pattern/breadcumb.jpg]
[demo.designing-world.com/limhost-v3/style.css]
[demo.designing-world.com/limhost-v3/css/responsive.css]
[demo.designing-world.com/limhost-v3/register.html]
[demo.designing-world.com/limhost-v3/support.html]
[demo.designing-world.com/limhost-v3/index-2.html]
[demo.designing-world.com/limhost-v3/img/bg-pattern/hosting.png]
[demo.designing-world.com/limhost-v3/web-hosting.html]
[demo.designing-world.com/limhost-v3/img/bg-pattern/cloudhosting.png]
[demo.designing-world.com/limhost-v3/cloud-hosting.html]
[demo.designing-world.com/limhost-v3/vpn-hosting.html]
[demo.designing-world.com/limhost-v3/shared-hosting.html]
[demo.designing-world.com/limhost-v3/img/bg-pattern/wp-hosting.png]
[demo.designing-world.com/limhost-v3/wordpress-hosting.html]
[demo.designing-world.com/limhost-v3/domain-success.html]
[demo.designing-world.com/limhost-v3/domain-failure.html]
[demo.designing-world.com/limhost-v3/img/bg-pattern/about.png]
[demo.designing-world.com/limhost-v3/img/testimonial-img/tes-1.jpg]
[demo.designing-world.com/limhost-v3/img/testimonial-img/tes-2.jpg]
[demo.designing-world.com/limhost-v3/img/testimonial-img/tes-3.jpg]
[demo.designing-world.com/limhost-v3/img/testimonial-img/tes-4.jpg]
[demo.designing-world.com/limhost-v3/img/advisor-img/advisor-1.png]
[demo.designing-world.com/limhost-v3/img/advisor-img/advisor-2.png]
[demo.designing-world.com/limhost-v3/img/advisor-img/advisor-3.png]
[demo.designing-world.com/limhost-v3/about-us.html]
[demo.designing-world.com/limhost-v3/js/map-active.js]
[demo.designing-world.com/limhost-v3/contact.html]
[demo.designing-world.com/limhost-v3/404.html]
[demo.designing-world.com/limhost-v3/page.html]
[demo.designing-world.com/limhost-v3/img/news-img/single.jpg]
[demo.designing-world.com/limhost-v3/cart.html]
[demo.designing-world.com/limhost-v3/checkout.html]
[demo.designing-world.com/limhost-v3/img/news-img/blog-3.jpg]
[demo.designing-world.com/limhost-v3/img/news-img/blog-4.jpg]
[demo.designing-world.com/limhost-v3/img/news-img/blog-5.jpg]
[demo.designing-world.com/limhost-v3/img/news-img/blog-6.jpg]
[demo.designing-world.com/limhost-v3/blog-sidebar.html]
[demo.designing-world.com/limhost-v3/single.html]
[demo.designing-world.com/limhost-v3/pricing-plan.html]
[demo.designing-world.com/limhost-v3/privacy-policy.html]
[demo.designing-world.com/limhost-v3/js/coundown-timer.js]
[demo.designing-world.com/limhost-v3/coming-soon.html]
[demo.designing-world.com/limhost-v3/fonts/glyphicons-halflings-regular.eot]
[demo.designing-world.com/limhost-v3/fonts/glyphicons-halflings-regulard41d.eot]
[demo.designing-world.com/limhost-v3/fonts/glyphicons-halflings-regular.woff]
[demo.designing-world.com/limhost-v3/fonts/glyphicons-halflings-regular.ttf]
[demo.designing-world.com/limhost-v3/css/bootstrap.min.css]
[demo.designing-world.com/limhost-v3/css/owl.carousel.css]
[demo.designing-world.com/limhost-v3/css/animate.css]
[demo.designing-world.com/limhost-v3/css/meanmenu.css]
[demo.designing-world.com/limhost-v3/fonts/fontawesome-webfont3e6e.eot]
[demo.designing-world.com/limhost-v3/fonts/fontawesome-webfontd41d.eot]
[demo.designing-world.com/limhost-v3/fonts/fontawesome-webfont3e6e.woff]
[demo.designing-world.com/limhost-v3/fonts/fontawesome-webfont3e6e.ttf]
[demo.designing-world.com/limhost-v3/css/font-awesome.min.css]
[demo.designing-world.com/limhost-v3/fonts/et-line.eot]
[demo.designing-world.com/limhost-v3/fonts/et-line.woff]
[demo.designing-world.com/limhost-v3/fonts/et-lined41d.eot]
[demo.designing-world.com/limhost-v3/fonts/et-line.ttf]
[demo.designing-world.com/limhost-v3/css/et-line.css]
[demo.designing-world.com/limhost-v3/css/cloud.css]
[demo.designing-world.com/limhost-v3/fonts/montserrat-light.html]
[demo.designing-world.com/limhost-v3/fonts/montserrat-light.svg]
[demo.designing-world.com/limhost-v3/fonts/glyphicons-halflings-regular.html]
[demo.designing-world.com/limhost-v3/fonts/glyphicons-halflings-regular.svg]
[demo.designing-world.com/limhost-v3/fonts/fontawesome-webfont3e6e.html]
[demo.designing-world.com/limhost-v3/fonts/fontawesome-webfont3e6e.svg]
[demo.designing-world.com/limhost-v3/fonts/et-line.svg]
[demo.designing-world.com/limhost-v3/shop-fullwidth.html]
[demo.designing-world.com/limhost-v3/login.html]
[demo.designing-world.com/limhost-v3/css/owl.video.play.html]
